Component: ARM Compiler 5.06 update 6 (build 750) Tool: armlink [4d35ed]

==============================================================================

Section Cross References

    startup.o(STACK) refers (Special) to heapauxi.o(.text) for __use_two_region_memory
    startup.o(HEAP) refers (Special) to heapauxi.o(.text) for __use_two_region_memory
    startup.o(RESET) refers (Special) to heapauxi.o(.text) for __use_two_region_memory
    startup.o(RESET) refers to startup.o(STACK) for Stack_Top
    startup.o(RESET) refers to __main.o(!!!main) for __main
    startup.o(.text) refers (Special) to heapauxi.o(.text) for __use_two_region_memory
    startup.o(.text) refers to startup.o(HEAP) for Heap_Mem
    startup.o(.text) refers to startup.o(STACK) for Stack_Mem
    main.o(i.main) refers to rt_memcpy_w.o(.text) for __aeabi_memcpy4
    main.o(i.main) refers to lcd_driver.o(i.lcd_init) for lcd_init
    main.o(i.main) refers to i2c_driver.o(i.i2c_init) for i2c_init
    main.o(i.main) refers to spi.o(i.spi0_init) for spi0_init
    main.o(i.main) refers to adc.o(i.adc_init) for adc_init
    main.o(i.main) refers to uart_driver.o(i.uart0_init) for uart0_init
    main.o(i.main) refers to delay.o(i.delay_ms) for delay_ms
    main.o(i.main) refers to i2c_driver.o(i.i2c_send) for i2c_send
    main.o(i.main) refers to uart_driver.o(i.uart0_tx_string) for uart0_tx_string
    main.o(i.main) refers to i2c_driver.o(i.i2c_read) for i2c_read
    main.o(i.main) refers to lcd_driver.o(i.lcd_cmd) for lcd_cmd
    main.o(i.main) refers to lcd_driver.o(i.lcd_data) for lcd_data
    main.o(i.main) refers to uart_driver.o(i.uart0_tx) for uart0_tx
    main.o(i.main) refers to main.o(.constdata) for .constdata
    main.o(i.main) refers to lcd_driver.o(i.lcd_string) for lcd_string
    main.o(i.main) refers to adc.o(i.adc_read) for adc_read
    main.o(i.main) refers to dflt_noclz.o(x$fpl$dfltu) for __aeabi_ui2d
    main.o(i.main) refers to dmul.o(x$fpl$dmul) for __aeabi_dmul
    main.o(i.main) refers to ddiv.o(x$fpl$ddiv) for __aeabi_ddiv
    main.o(i.main) refers to d2f.o(x$fpl$d2f) for __aeabi_d2f
    main.o(i.main) refers to f2d.o(x$fpl$f2d) for __aeabi_f2d
    main.o(i.main) refers to daddsub_noclz.o(x$fpl$dsub) for __aeabi_dsub
    main.o(i.main) refers to uart_driver.o(i.uart0_tx_float) for uart0_tx_float
    main.o(i.main) refers to ffix.o(x$fpl$ffix) for __aeabi_f2iz
    main.o(i.main) refers to lcd_driver.o(i.lcd_integer) for lcd_integer
    main.o(i.main) refers to lcd_driver.o(i.lcd_float) for lcd_float
    main.o(i.main) refers to mcp3204_driver.o(i.mcp3204_adc_read) for mcp3204_adc_read
    main.o(i.main) refers to aeabi_sdiv.o(.text_udiv) for __aeabi_uidivmod
    main.o(i.main) refers to uart_driver.o(i.uart0_tx_integer) for uart0_tx_integer
    i2c_driver.o(i.i2c_read) refers to uart_driver.o(i.uart0_tx_string) for uart0_tx_string
    i2c_driver.o(i.i2c_send) refers to uart_driver.o(i.uart0_tx_string) for uart0_tx_string
    lcd_driver.o(i.lcd_cmd) refers to delay.o(i.delay_ms) for delay_ms
    lcd_driver.o(i.lcd_data) refers to delay.o(i.delay_ms) for delay_ms
    lcd_driver.o(i.lcd_float) refers to fleqf.o(x$fpl$fleqf) for __aeabi_cfcmple
    lcd_driver.o(i.lcd_float) refers to lcd_driver.o(i.lcd_data) for lcd_data
    lcd_driver.o(i.lcd_float) refers to feqf.o(x$fpl$feqf) for __aeabi_cfcmpeq
    lcd_driver.o(i.lcd_float) refers to lcd_driver.o(i.lcd_string) for lcd_string
    lcd_driver.o(i.lcd_float) refers to ffix.o(x$fpl$ffix) for __aeabi_f2iz
    lcd_driver.o(i.lcd_float) refers to lcd_driver.o(i.lcd_integer) for lcd_integer
    lcd_driver.o(i.lcd_float) refers to fflt_noclz.o(x$fpl$fflt) for __aeabi_i2f
    lcd_driver.o(i.lcd_float) refers to faddsub_noclz.o(x$fpl$frsb) for __aeabi_frsub
    lcd_driver.o(i.lcd_float) refers to fmul.o(x$fpl$fmul) for __aeabi_fmul
    lcd_driver.o(i.lcd_init) refers to lcd_driver.o(i.lcd_cmd) for lcd_cmd
    lcd_driver.o(i.lcd_integer) refers to lcd_driver.o(i.lcd_data) for lcd_data
    lcd_driver.o(i.lcd_integer) refers to aeabi_sdiv.o(.text) for __aeabi_idivmod
    lcd_driver.o(i.lcd_string) refers to lcd_driver.o(i.lcd_data) for lcd_data
    mcp3204_driver.o(i.mcp3204_adc_read) refers to spi.o(i.spi0_data) for spi0_data
    uart_driver.o(i.uart0_init) refers to rt_memcpy_w.o(.text) for __aeabi_memcpy4
    uart_driver.o(i.uart0_init) refers to aeabi_sdiv.o(.text_udiv) for __aeabi_uidivmod
    uart_driver.o(i.uart0_init) refers to uart_driver.o(.constdata) for .constdata
    uart_driver.o(i.uart0_tx_float) refers to _printf_percent.o(.ARM.Collect$$_printf_percent$$00000000) for _printf_percent
    uart_driver.o(i.uart0_tx_float) refers to _printf_f.o(.ARM.Collect$$_printf_percent$$00000003) for _printf_f
    uart_driver.o(i.uart0_tx_float) refers to printf1.o(x$fpl$printf1) for _printf_fp_dec
    uart_driver.o(i.uart0_tx_float) refers to f2d.o(x$fpl$f2d) for __aeabi_f2d
[...]
    bigflt0.o(.text) refers to aeabi_sdiv.o(.text) for __aeabi_idivmod
    bigflt0.o(.text) refers to btod.o(CL$$btod_emul) for _btod_emul
    bigflt0.o(.text) refers to btod.o(CL$$btod_ediv) for _btod_ediv
    bigflt0.o(.text) refers to bigflt0.o(.constdata) for .constdata
    bigflt0.o(.constdata) refers (Special) to usenofp.o(x$fpl$usenofp) for __I$use$fp
    btod.o(CL$$btod_d2e) refers (Special) to usenofp.o(x$fpl$usenofp) for __I$use$fp
    btod.o(CL$$btod_d2e) refers to btod.o(CL$$btod_d2e_norm_op1) for _d2e_norm_op1
    btod.o(CL$$btod_d2e_norm_op1) refers (Special) to usenofp.o(x$fpl$usenofp) for __I$use$fp
    btod.o(CL$$btod_d2e_norm_op1) refers to btod.o(CL$$btod_d2e_denorm_low) for _d2e_denorm_low
    btod.o(CL$$btod_d2e_denorm_low) refers (Special) to usenofp.o(x$fpl$usenofp) for __I$use$fp
    btod.o(CL$$btod_emul) refers (Special) to usenofp.o(x$fpl$usenofp) for __I$use$fp
    btod.o(CL$$btod_emul) refers to btod.o(CL$$btod_mult_common) for __btod_mult_common
    btod.o(CL$$btod_emul) refers to btod.o(CL$$btod_e2e) for _e2e
    btod.o(CL$$btod_ediv) refers (Special) to usenofp.o(x$fpl$usenofp) for __I$use$fp
    btod.o(CL$$btod_ediv) refers to btod.o(CL$$btod_div_common) for __btod_div_common
    btod.o(CL$$btod_ediv) refers to btod.o(CL$$btod_e2e) for _e2e
    btod.o(CL$$btod_emuld) refers (Special) to usenofp.o(x$fpl$usenofp) for __I$use$fp
    btod.o(CL$$btod_emuld) refers to btod.o(CL$$btod_mult_common) for __btod_mult_common
    btod.o(CL$$btod_emuld) refers to btod.o(CL$$btod_e2d) for _e2d
    btod.o(CL$$btod_edivd) refers (Special) to usenofp.o(x$fpl$usenofp) for __I$use$fp
    btod.o(CL$$btod_edivd) refers to btod.o(CL$$btod_div_common) for __btod_div_common
    btod.o(CL$$btod_edivd) refers to btod.o(CL$$btod_e2d) for _e2d
    btod.o(CL$$btod_e2e) refers (Special) to usenofp.o(x$fpl$usenofp) for __I$use$fp
    btod.o(CL$$btod_e2d) refers (Special) to usenofp.o(x$fpl$usenofp) for __I$use$fp
    btod.o(CL$$btod_e2d) refers to btod.o(CL$$btod_e2e) for _e2e
    btod.o(CL$$btod_mult_common) refers (Special) to usenofp.o(x$fpl$usenofp) for __I$use$fp
    btod.o(CL$$btod_div_common) refers (Special) to usenofp.o(x$fpl$usenofp) for __I$use$fp
    lc_numeric_c.o(locale$$data) refers (Special) to libinit2.o(.ARM.Collect$$libinit$$00000016) for __rt_lib_init_lc_numeric_2
    lc_numeric_c.o(locale$$code) refers (Special) to libinit2.o(.ARM.Collect$$libinit$$00000016) for __rt_lib_init_lc_numeric_2
    lc_numeric_c.o(locale$$code) refers to strcmp.o(.text) for strcmp
    lc_numeric_c.o(locale$$code) refers to lc_numeric_c.o(locale$$data) for __lcnum_c_name
    istatus.o(x$fpl$ieeestatus) refers (Special) to usenofp.o(x$fpl$usenofp) for __I$use$fp
    fpclassify.o(i.__ARM_fpclassify) refers (Special) to usenofp.o(x$fpl$usenofp) for __I$use$fp
    libspace.o(.text) refers to libspace.o(.bss) for __libspace_start
    sys_stackheap_outer.o(.text) refers to libspace.o(.text) for __user_perproc_libspace
    sys_stackheap_outer.o(.text) refers to startup.o(.text) for __user_initial_stackheap
    exit.o(.text) refers to rtexit.o(.ARM.Collect$$rtexit$$00000000) for __rt_exit
    defsig_fpe_outer.o(.text) refers to defsig_fpe_inner.o(.text) for __rt_SIGFPE_inner
    defsig_fpe_outer.o(.text) refers to defsig_exit.o(.text) for __sig_exit
    defsig_fpe_formal.o(.text) refers to rt_raise.o(.text) for __rt_raise
    libinit.o(.ARM.Collect$$libinit$$00000000) refers (Special) to libinit2.o(.ARM.Collect$$libinit$$0000002E) for __rt_lib_init_alloca_1
    libinit.o(.ARM.Collect$$libinit$$00000000) refers (Special) to libinit2.o(.ARM.Collect$$libinit$$0000002C) for __rt_lib_init_argv_1
    libinit.o(.ARM.Collect$$libinit$$00000000) refers (Special) to libinit2.o(.ARM.Collect$$libinit$$0000001B) for __rt_lib_init_atexit_1
    libinit.o(.ARM.Collect$$libinit$$00000000) refers (Special) to libinit2.o(.ARM.Collect$$libinit$$00000021) for __rt_lib_init_clock_1
    libinit.o(.ARM.Collect$$libinit$$00000000) refers (Special) to libinit2.o(.ARM.Collect$$libinit$$00000032) for __rt_lib_init_cpp_1
    libinit.o(.ARM.Collect$$libinit$$00000000) refers (Special) to libinit2.o(.ARM.Collect$$libinit$$00000030) for __rt_lib_init_exceptions_1
    libinit.o(.ARM.Collect$$libinit$$00000000) refers (Special) to libinit2.o(.ARM.Collect$$libinit$$00000002) for __rt_lib_init_fp_1
    libinit.o(.ARM.Collect$$libinit$$00000000) refers (Special) to libinit2.o(.ARM.Collect$$libinit$$0000001F) for __rt_lib_init_fp_trap_1
    libinit.o(.ARM.Collect$$libinit$$00000000) refers (Special) to libinit2.o(.ARM.Collect$$libinit$$00000023) for __rt_lib_init_getenv_1
    libinit.o(.ARM.Collect$$libinit$$00000000) refers (Special) to libinit2.o(.ARM.Collect$$libinit$$0000000A) for __rt_lib_init_heap_1
    libinit.o(.ARM.Collect$$libinit$$00000000) refers (Special) to libinit2.o(.ARM.Collect$$libinit$$00000011) for __rt_lib_init_lc_collate_1
    libinit.o(.ARM.Collect$$libinit$$00000000) refers (Special) to libinit2.o(.ARM.Collect$$libinit$$00000013) for __rt_lib_init_lc_ctype_1
    libinit.o(.ARM.Collect$$libinit$$00000000) refers (Special) to libinit2.o(.ARM.Collect$$libinit$$00000015) for __rt_lib_init_lc_monetary_1
    libinit.o(.ARM.Collect$$libinit$$00000000) refers (Special) to libinit2.o(.ARM.Collect$$libinit$$00000017) for __rt_lib_init_lc_numeric_1
    libinit.o(.ARM.Collect$$libinit$$00000000) refers (Special) to libinit2.o(.ARM.Collect$$libinit$$00000019) for __rt_lib_init_lc_time_1
    libinit.o(.ARM.Collect$$libinit$$00000000) refers (Special) to libinit2.o(.ARM.Collect$$libinit$$00000004) for __rt_lib_init_preinit_1
    libinit.o(.ARM.Collect$$libinit$$00000000) refers (Special) to libinit2.o(.ARM.Collect$$libinit$$0000000E) for __rt_lib_init_rand_1
    libinit.o(.ARM.Collect$$libinit$$00000000) refers (Special) to libinit2.o(.ARM.Collect$$libinit$$00000033) for __rt_lib_init_return
    libinit.o(.ARM.Collect$$libinit$$00000000) refers (Special) to libinit2.o(.ARM.Collect$$libinit$$0000001D) for __rt_lib_init_signal_1
    libinit.o(.ARM.Collect$$libinit$$00000000) refers (Special) to libinit2.o(.ARM.Collect$$libinit$$00000025) for __rt_lib_init_stdio_1
    libinit.o(.ARM.Collect$$libinit$$00000000) refers (Special) to libinit2.o(.ARM.Collect$$libinit$$0000000C) for __rt_lib_init_user_alloc_1
    libinit2.o(.ARM.Collect$$libinit$$00000001) refers to fpinit.o(x$fpl$fpinit) for _fp_init
    libinit2.o(.ARM.Collect$$libinit$$0000000F) refers (Weak) to rt_locale_intlibspace.o(.text) for __rt_locale
    libinit2.o(.ARM.Collect$$libinit$$00000010) refers to libinit2.o(.ARM.Collect$$libinit$$0000000F) for .ARM.Collect$$libinit$$0000000F
    libinit2.o(.ARM.Collect$$libinit$$00000012) refers to libinit2.o(.ARM.Collect$$libinit$$0000000F) for .ARM.Collect$$libinit$$0000000F
    libinit2.o(.ARM.Collect$$libinit$$00000014) refers to libinit2.o(.ARM.Collect$$libinit$$0000000F) for .ARM.Collect$$libinit$$0000000F
    libinit2.o(.ARM.Collect$$libinit$$00000016) refers to libinit2.o(.ARM.Collect$$libinit$$0000000F) for .ARM.Collect$$libinit$$0000000F
    libinit2.o(.ARM.Collect$$libinit$$00000016) refers (Weak) to lc_numeric_c.o(locale$$code) for _get_lc_numeric
    libinit2.o(.ARM.Collect$$libinit$$00000018) refers to libinit2.o(.ARM.Collect$$libinit$$0000000F) for .ARM.Collect$$libinit$$0000000F
    libinit2.o(.ARM.Collect$$libinit$$00000026) refers to argv_veneer.o(.emb_text) for __ARM_argv_veneer
    libinit2.o(.ARM.Collect$$libinit$$00000027) refers to argv_veneer.o(.emb_text) for __ARM_argv_veneer
    rtexit.o(.ARM.Collect$$rtexit$$00000000) refers (Special) to rtexit2.o(.ARM.Collect$$rtexit$$00000004) for __rt_exit_exit
    rtexit.o(.ARM.Collect$$rtexit$$00000000) refers (Special) to rtexit2.o(.ARM.Collect$$rtexit$$00000003) for __rt_exit_ls
    rtexit.o(.ARM.Collect$$rtexit$$00000000) refers (Special) to rtexit2.o(.ARM.Collect$$rtexit$$00000002) for __rt_exit_prels_1
    rtexit.o(.ARM.exidx) refers (Special) to rtexit2.o(.ARM.Collect$$rtexit$$00000004) for __rt_exit_exit
    rtexit.o(.ARM.exidx) refers (Special) to rtexit2.o(.ARM.Collect$$rtexit$$00000003) for __rt_exit_ls
    rtexit.o(.ARM.exidx) refers (Special) to rtexit2.o(.ARM.Collect$$rtexit$$00000002) for __rt_exit_prels_1
    rtexit.o(.ARM.exidx) refers to rtexit.o(.ARM.Collect$$rtexit$$00000000) for .ARM.Collect$$rtexit$$00000000
    rt_raise.o(.text) refers to __raise.o(.text) for __raise
    rt_raise.o(.text) refers to sys_exit.o(.text) for _sys_exit
    defsig_exit.o(.text) refers to sys_exit.o(.text) for _sys_exit
    defsig_fpe_inner.o(.text) refers to defsig_general.o(.text) for __default_signal_display
    argv_veneer.o(.emb_text) refers to no_argv.o(.text) for __ARM_get_argv
    sys_exit.o(.text) refers (Special) to use_no_semi.o(.text) for __I$use$semihosting
    sys_exit.o(.text) refers (Special) to indicate_semi.o(.text) for __semihosting_library_function
    rtexit2.o(.ARM.Collect$$rtexit$$00000003) refers to libshutdown.o(.ARM.Collect$$libshutdown$$00000000) for __rt_lib_shutdown
    rtexit2.o(.ARM.Collect$$rtexit$$00000004) refers to sys_exit.o(.text) for _sys_exit
    rtexit2.o(.ARM.exidx) refers to rtexit2.o(.ARM.Collect$$rtexit$$00000001) for .ARM.Collect$$rtexit$$00000001
    rtexit2.o(.ARM.exidx) refers to rtexit2.o(.ARM.Collect$$rtexit$$00000003) for .ARM.Collect$$rtexit$$00000003
    rtexit2.o(.ARM.exidx) refers to rtexit2.o(.ARM.Collect$$rtexit$$00000004) for .ARM.Collect$$rtexit$$00000004
    __raise.o(.text) refers to __printf.o(i.__ARM_common_call_via_r2) for __ARM_common_call_via_r2
    __raise.o(.text) refers to defsig.o(CL$$defsig) for __default_signal_handler
    defsig_general.o(.text) refers to sys_wrch.o(.text) for _ttywrch
    _get_argv_nomalloc.o(.text) refers (Special) to hrguard.o(.text) for __heap_region$guard
    _get_argv_nomalloc.o(.text) refers to defsig_rtmem_outer.o(.text) for __rt_SIGRTMEM
    _get_argv_nomalloc.o(.text) refers to sys_command.o(.text) for _sys_command_string
    sys_wrch.o(.text) refers (Special) to use_no_semi.o(.text) for __I$use$semihosting
    sys_wrch.o(.text) refers (Special) to indicate_semi.o(.text) for __semihosting_library_function
    sys_command.o(.text) refers (Special) to use_no_semi.o(.text) for __I$use$semihosting
    sys_command.o(.text) refers (Special) to indicate_semi.o(.text) for __semihosting_library_function
    defsig_rtmem_outer.o(.text) refers to defsig_rtmem_inner.o(.text) for __rt_SIGRTMEM_inner
    defsig_rtmem_outer.o(.text) refers to defsig_exit.o(.text) for __sig_exit
    defsig_rtmem_formal.o(.text) refers to rt_raise.o(.text) for __rt_raise
    defsig.o(CL$$defsig) refers to defsig_fpe_inner.o(.text) for __rt_SIGFPE_inner
    defsig.o(CL$$defsig) refers to defsig_rtmem_inner.o(.text) for __rt_SIGRTMEM_inner
    libshutdown.o(.ARM.Collect$$libshutdown$$00000000) refers (Special) to libshutdown2.o(.ARM.Collect$$libshutdown$$00000002) for __rt_lib_shutdown_cpp_1
    libshutdown.o(.ARM.Collect$$libshutdown$$00000000) refers (Special) to libshutdown2.o(.ARM.Collect$$libshutdown$$00000007) for __rt_lib_shutdown_fp_trap_1
    libshutdown.o(.ARM.Collect$$libshutdown$$00000000) refers (Special) to libshutdown2.o(.ARM.Collect$$libshutdown$$0000000F) for __rt_lib_shutdown_heap_1
    libshutdown.o(.ARM.Collect$$libshutdown$$00000000) refers (Special) to libshutdown2.o(.ARM.Collect$$libshutdown$$00000010) for __rt_lib_shutdown_return
    libshutdown.o(.ARM.Collect$$libshutdown$$00000000) refers (Special) to libshutdown2.o(.ARM.Collect$$libshutdown$$0000000A) for __rt_lib_shutdown_signal_1
    libshutdown.o(.ARM.Collect$$libshutdown$$00000000) refers (Special) to libshutdown2.o(.ARM.Collect$$libshutdown$$00000004) for __rt_lib_shutdown_stdio_1
    libshutdown.o(.ARM.Collect$$libshutdown$$00000000) refers (Special) to libshutdown2.o(.ARM.Collect$$libshutdown$$0000000C) for __rt_lib_shutdown_user_alloc_1
    defsig_abrt_inner.o(.text) refers to defsig_general.o(.text) for __default_signal_display
    defsig_rtred_inner.o(.text) refers to defsig_general.o(.text) for __default_signal_display
    defsig_rtmem_inner.o(.text) refers to defsig_general.o(.text) for __default_signal_display
    defsig_stak_inner.o(.text) refers to defsig_general.o(.text) for __default_signal_display
    defsig_pvfn_inner.o(.text) refers to defsig_general.o(.text) for __default_signal_display
    defsig_cppl_inner.o(.text) refers to defsig_general.o(.text) for __default_signal_display
    defsig_segv_inner.o(.text) refers to defsig_general.o(.text) for __default_signal_display
    defsig_other.o(.text) refers to defsig_general.o(.text) for __default_signal_display


==============================================================================

Removing Unused input sections from the image.

    Removing uart_driver.o(i.uart0_rx), (40 bytes).

1 unused section(s) (total 40 bytes) removed from the image.

==============================================================================

Adding Veneers to the image

    Adding TA veneer (4 bytes, Inline) for call to '_printf_percent' from __printf_wp.o(.text).
    Adding AT veneer (8 bytes, Inline) for call to '__rt_lib_init' from __rtentry2.o(.ARM.Collect$$rtentry$$0000000A).
    Adding AT veneer (8 bytes, Inline) for call to '__rt_lib_shutdown' from rtexit2.o(.ARM.Collect$$rtexit$$00000003).
    Adding TA veneer (4 bytes, Inline) for call to '__rt_exit' from exit.o(.text).
    Adding AT veneer (8 bytes, Inline) for call to '__2sprintf' from uart_driver.o(i.uart0_tx_float).
    Adding AT veneer (8 bytes, Inline) for call to '_printf_int_dec' from _printf_d.o(.ARM.Collect$$_printf_percent$$00000009).
    Adding TA veneer (4 bytes, Inline) for call to '__aeabi_idivmod' from bigflt0.o(.text).
    Adding TA veneer (4 bytes, Inline) for call to '__rt_udiv10' from _printf_dec.o(.text).
    Adding TA veneer (4 bytes, Inline) for call to '__rt_locale' from libinit2.o(.ARM.Collect$$libinit$$0000000F).
    Adding TA veneer (4 bytes, Inline) for call to '_ll_udiv10' from _printf_fp_dec.o(.text).
    Adding AT veneer (8 bytes, Inline) for call to '_sys_exit' from rtexit2.o(.ARM.Collect$$rtexit$$00000004).
    Adding TA veneer (4 bytes, Inline) for call to '_btod_d2e' from _printf_fp_dec.o(.text).
    Adding TA veneer (4 bytes, Inline) for call to '_btod_ediv' from _printf_fp_dec.o(.text).
    Adding TA veneer (4 bytes, Inline) for call to '_btod_emul' from _printf_fp_dec.o(.text).
    Adding AT veneer (12 bytes, Long) for call to '_printf_fp_dec_real' from printf1.o(x$fpl$printf1).
    Adding TA veneer (4 bytes, Inline) for call to '__ARM_fpclassify' from _printf_fp_dec.o(.text).
    Adding TA veneer (4 bytes, Inline) for call to '_get_lc_numeric' from libinit2.o(.ARM.Collect$$libinit$$00000016).
    Adding TA veneer (4 bytes, Inline) for call to '__ieee_status' from _printf_fp_dec.o(.text).

18 Veneer(s) (total 100 bytes) added to the image.

==============================================================================

Image Symbol Table

    Local Symbols

    Symbol Name                              Value     Ov Type        Size  Object(Section)

    RESET                                    0x00000000   Section      272  startup.o(RESET)
    ../clib/angel/boardlib.s                 0x00000000   Number         0  boardshut.o ABSOLUTE
    ../clib/angel/boardlib.s                 0x00000000   Number         0  boardinit3.o ABSOLUTE
    ../clib/angel/boardlib.s                 0x00000000   Number         0  boardinit1.o ABSOLUTE
    ../clib/angel/boardlib.s                 0x00000000   Number         0  boardinit2.o ABSOLUTE
    ../clib/angel/handlers.s                 0x00000000   Number         0  __scatter_zi.o ABSOLUTE
    ../clib/angel/kernel.s                   0x00000000   Number         0  rtexit2.o ABSOLUTE
    ../clib/angel/kernel.s                   0x00000000   Number         0  __rtentry.o ABSOLUTE
    ../clib/angel/kernel.s                   0x00000000   Number         0  rtexit.o ABSOLUTE
    ../clib/angel/kernel.s                   0x00000000   Number         0  __rtentry4.o ABSOLUTE
    ../clib/angel/kernel.s                   0x00000000   Number         0  __rtentry2.o ABSOLUTE
    ../clib/angel/rt.s                       0x00000000   Number         0  aeabi_idiv0.o ABSOLUTE
    ../clib/angel/rt.s                       0x00000000   Number         0  rt_locale_intlibspace.o ABSOLUTE
    ../clib/angel/rt.s                       0x00000000   Number         0  rt_locale.o ABSOLUTE
    ../clib/angel/rt.s                       0x00000000   Number         0  rt_raise.o ABSOLUTE
    ../clib/angel/rt.s                       0x00000000   Number         0  rt_div0.o ABSOLUTE
    ../clib/angel/rt.s                       0x00000000   Number         0  aeabi_idiv0_sigfpe.o ABSOLUTE
    ../clib/angel/scatter.s                  0x00000000   Number         0  __scatter.o ABSOLUTE
    ../clib/angel/startup.s                  0x00000000   Number         0  __main.o ABSOLUTE
    ../clib/angel/sys.s                      0x00000000   Number         0  indicate_semi.o ABSOLUTE
    ../clib/angel/sys.s                      0x00000000   Number         0  libspace.o ABSOLUTE
    ../clib/angel/sys.s                      0x00000000   Number         0  use_no_semi.o ABSOLUTE
    ../clib/angel/sys.s                      0x00000000   Number         0  sys_stackheap_outer.o ABSOLUTE
    ../clib/angel/sysapp.c                   0x00000000   Number         0  sys_command.o ABSOLUTE
    ../clib/angel/sysapp.c                   0x00000000   Number         0  sys_exit.o ABSOLUTE
    ../clib/angel/sysapp.c                   0x00000000   Number         0  sys_wrch.o ABSOLUTE
    ../clib/armsys.c                         0x00000000   Number         0  no_argv.o ABSOLUTE
    ../clib/armsys.c                         0x00000000   Number         0  argv_veneer.o ABSOLUTE
    ../clib/armsys.c                         0x00000000   Number         0  argv_veneer.o ABSOLUTE
    ../clib/armsys.c                         0x00000000   Number         0  _get_argv_nomalloc.o ABSOLUTE
    ../clib/bigflt.c                         0x00000000   Number         0  bigflt0.o ABSOLUTE
    ../clib/btod.s                           0x00000000   Number         0  btod.o ABSOLUTE
    ../clib/division.s                       0x00000000   Number         0  rtudiv10.o ABSOLUTE
    ../clib/division.s                       0x00000000   Number         0  aeabi_sdiv_div0.o ABSOLUTE
    ../clib/division.s                       0x00000000   Number         0  aeabi_sdiv.o ABSOLUTE
    ../clib/divrt.s                          0x00000000   Number         0  divrt_7tdmi.o ABSOLUTE
    ../clib/divrt.s                          0x00000000   Number         0  divrt_7tdmi_div0.o ABSOLUTE
    ../clib/heapalloc.c                      0x00000000   Number         0  hrguard.o ABSOLUTE
    ../clib/heapaux.c                        0x00000000   Number         0  heapauxi.o ABSOLUTE
    ../clib/libinit.s                        0x00000000   Number         0  libshutdown.o ABSOLUTE
    ../clib/libinit.s                        0x00000000   Number         0  libshutdown2.o ABSOLUTE
    ../clib/libinit.s                        0x00000000   Number         0  libinit.o ABSOLUTE
    ../clib/libinit.s                        0x00000000   Number         0  libinit2.o ABSOLUTE
    ../clib/locale.s                         0x00000000   Number         0  lc_numeric_c.o ABSOLUTE
    ../clib/longlong.s                       0x00000000   Number         0  lludiv10.o ABSOLUTE
    ../clib/memcpset.s                       0x00000000   Number         0  rt_memcpy_w.o ABSOLUTE
    ../clib/memcpset.s                       0x00000000   Number         0  strcmp.o ABSOLUTE
    ../clib/misc.s                           0x00000000   Number         0  printf_stubs.o ABSOLUTE
    ../clib/printf.c                         0x00000000   Number         0  __printf.o ABSOLUTE
    ../clib/printf.c                         0x00000000   Number         0  _printf_dec.o ABSOLUTE
    ../clib/printf.c                         0x00000000   Number         0  __printf_flags.o ABSOLUTE
    ../clib/printf.c                         0x00000000   Number         0  __printf_ss.o ABSOLUTE
    ../clib/printf.c                         0x00000000   Number         0  __printf_wp.o ABSOLUTE
    ../clib/printf.c                         0x00000000   Number         0  __printf_flags_wp.o ABSOLUTE
    ../clib/printf.c                         0x00000000   Number         0  __printf_ss_wp.o ABSOLUTE
    ../clib/printf.c                         0x00000000   Number         0  __printf_flags_ss_wp.o ABSOLUTE
    ../clib/printf.c                         0x00000000   Number         0  _printf_fp_infnan.o ABSOLUTE
    ../clib/printf.c                         0x00000000   Number         0  _printf_intcommon.o ABSOLUTE
    ../clib/printf.c                         0x00000000   Number         0  _printf_fp_dec.o ABSOLUTE
    ../clib/printf.c                         0x00000000   Number         0  _printf_char_common.o ABSOLUTE
    ../clib/printf.c                         0x00000000   Number         0  _sputc.o ABSOLUTE
    ../clib/printf.c                         0x00000000   Number         0  __printf_flags_ss.o ABSOLUTE
    ../clib/printf.c                         0x00000000   Number         0  __printf_nopercent.o ABSOLUTE
    ../clib/printf.c                         0x00000000   Number         0  __2sprintf.o ABSOLUTE
    ../clib/printf.c                         0x00000000   Number         0  noretval__2sprintf.o ABSOLUTE
    ../clib/printf_percent.s                 0x00000000   Number         0  _printf_f.o ABSOLUTE
    ../clib/printf_percent.s                 0x00000000   Number         0  _printf_percent.o ABSOLUTE
    ../clib/printf_percent.s                 0x00000000   Number         0  _printf_percent_end.o ABSOLUTE
    ../clib/printf_percent.s                 0x00000000   Number         0  _printf_d.o ABSOLUTE
    ../clib/signal.c                         0x00000000   Number         0  defsig_exit.o ABSOLUTE
    ../clib/signal.c                         0x00000000   Number         0  defsig_stak_inner.o ABSOLUTE
    ../clib/signal.c                         0x00000000   Number         0  defsig_pvfn_inner.o ABSOLUTE
    ../clib/signal.c                         0x00000000   Number         0  defsig_general.o ABSOLUTE
    ../clib/signal.c                         0x00000000   Number         0  defsig_cppl_inner.o ABSOLUTE
    ../clib/signal.c                         0x00000000   Number         0  defsig_other.o ABSOLUTE
    ../clib/signal.c                         0x00000000   Number         0  defsig_segv_inner.o ABSOLUTE
    ../clib/signal.c                         0x00000000   Number         0  __raise.o ABSOLUTE
    ../clib/signal.c                         0x00000000   Number         0  defsig_fpe_formal.o ABSOLUTE
    ../clib/signal.c                         0x00000000   Number         0  defsig_abrt_inner.o ABSOLUTE
    ../clib/signal.c                         0x00000000   Number         0  defsig_rtred_inner.o ABSOLUTE
    ../clib/signal.c                         0x00000000   Number         0  defsig_rtmem_inner.o ABSOLUTE
    ../clib/signal.c                         0x00000000   Number         0  defsig_rtmem_outer.o ABSOLUTE
    ../clib/signal.c                         0x00000000   Number         0  defsig_rtmem_formal.o ABSOLUTE
    ../clib/signal.c                         0x00000000   Number         0  defsig_fpe_inner.o ABSOLUTE
    ../clib/signal.c                         0x00000000   Number         0  defsig_fpe_outer.o ABSOLUTE
    ../clib/signal.s                         0x00000000   Number         0  defsig.o ABSOLUTE
    ../clib/stdlib.c                         0x00000000   Number         0  exit.o ABSOLUTE
    ../fplib/d2f.s                           0x00000000   Number         0  d2f.o ABSOLUTE
    ../fplib/daddsub.s                       0x00000000   Number         0  daddsub_noclz.o ABSOLUTE
    ../fplib/ddiv.s                          0x00000000   Number         0  ddiv.o ABSOLUTE
    ../fplib/dflt.s                          0x00000000   Number         0  dflt_noclz.o ABSOLUTE
    ../fplib/dmul.s                          0x00000000   Number         0  dmul.o ABSOLUTE
    ../fplib/dnaninf.s                       0x00000000   Number         0  dnaninf.o ABSOLUTE
    ../fplib/dretinf.s                       0x00000000   Number         0  dretinf.o ABSOLUTE
    ../fplib/f2d.s                           0x00000000   Number         0  f2d.o ABSOLUTE
    ../fplib/faddsub.s                       0x00000000   Number         0  faddsub_noclz.o ABSOLUTE
    ../fplib/fcmpi.s                         0x00000000   Number         0  fcmpi.o ABSOLUTE
    ../fplib/feqf.s                          0x00000000   Number         0  feqf.o ABSOLUTE
    ../fplib/ffix.s                          0x00000000   Number         0  ffix.o ABSOLUTE
    ../fplib/fflt.s                          0x00000000   Number         0  fflt_noclz.o ABSOLUTE
    ../fplib/fleqf.s                         0x00000000   Number         0  fleqf.o ABSOLUTE
    ../fplib/fmul.s                          0x00000000   Number         0  fmul.o ABSOLUTE
    ../fplib/fnaninf.s                       0x00000000   Number         0  fnaninf.o ABSOLUTE
    ../fplib/fpinit.s                        0x00000000   Number         0  fpinit.o ABSOLUTE
    ../fplib/fretinf.s                       0x00000000   Number         0  fretinf.o ABSOLUTE
    ../fplib/istatus.s                       0x00000000   Number         0  istatus.o ABSOLUTE
    ../fplib/printf1.s                       0x00000000   Number         0  printf1.o ABSOLUTE
    ../fplib/usenofp.s                       0x00000000   Number         0  usenofp.o ABSOLUTE
    ../mathlib/fpclassify.c                  0x00000000   Number         0  fpclassify.o ABSOLUTE
    Startup.s                                0x00000000   Number         0  startup.o ABSOLUTE
    adc.c                                    0x00000000   Number         0  adc.o ABSOLUTE
    dc.s                                     0x00000000   Number         0  dc.o ABSOLUTE
    delay.c                                  0x00000000   Number         0  delay.o ABSOLUTE
    i2c_driver.c                             0x00000000   Number         0  i2c_driver.o ABSOLUTE
    lcd_driver.c                             0x00000000   Number         0  lcd_driver.o ABSOLUTE
    main.c                                   0x00000000   Number         0  main.o ABSOLUTE
    mcp3204_driver.c                         0x00000000   Number         0  mcp3204_driver.o ABSOLUTE
    spi.c                                    0x00000000   Number         0  spi.o ABSOLUTE
    uart_driver.c                            0x00000000   Number         0  uart_driver.o ABSOLUTE
    Undef_Handler                            0x00000040   ARM Code       4  startup.o(RESET)
    SWI_Handler                              0x00000044   ARM Code       4  startup.o(RESET)
    PAbt_Handler                             0x00000048   ARM Code       4  startup.o(RESET)
    DAbt_Handler                             0x0000004c   ARM Code       4  startup.o(RESET)
    IRQ_Handler                              0x00000050   ARM Code       4  startup.o(RESET)
    FIQ_Handler                              0x00000054   ARM Code       4  startup.o(RESET)
    !!!main                                  0x00000110   Section        8  __main.o(!!!main)
    !!!scatter                               0x00000118   Section       60  __scatter.o(!!!scatter)
    !!handler_zi                             0x00000154   Section       44  __scatter_zi.o(!!handler_zi)
    .ARM.Collect$$_printf_percent$$00000000  0x00000184   Section        0  _printf_percent.o(.ARM.Collect$$_printf_percent$$00000000)
    .ARM.Collect$$_printf_percent$$00000003  0x00000184   Section        8  _printf_f.o(.ARM.Collect$$_printf_percent$$00000003)
    .ARM.Collect$$_printf_percent$$00000009  0x0000018c   Section        8  _printf_d.o(.ARM.Collect$$_printf_percent$$00000009)
    .ARM.Collect$$_printf_percent$$00000017  0x00000194   Section        8  _printf_percent_end.o(.ARM.Collect$$_printf_percent$$00000017)
    .ARM.Collect$$libinit$$00000000          0x000001a4   Section        2  libinit.o(.ARM.Collect$$libinit$$00000000)
    .ARM.Collect$$libinit$$00000002          0x000001a6   Section        0  libinit2.o(.ARM.Collect$$libinit$$00000002)
    .ARM.Collect$$libinit$$00000004          0x000001a6   Section        0  libinit2.o(.ARM.Collect$$libinit$$00000004)
    .ARM.Collect$$libinit$$0000000A          0x000001a6   Section        0  libinit2.o(.ARM.Collect$$libinit$$0000000A)
    .ARM.Collect$$libinit$$0000000C          0x000001a6   Section        0  libinit2.o(.ARM.Collect$$libinit$$0000000C)
    .ARM.Collect$$libinit$$0000000E          0x000001a6   Section        0  libinit2.o(.ARM.Collect$$libinit$$0000000E)
    .ARM.Collect$$libinit$$0000000F          0x000001a6   Section        6  libinit2.o(.ARM.Collect$$libinit$$0000000F)
    .ARM.Collect$$libinit$$00000011          0x000001ac   Section        0  libinit2.o(.ARM.Collect$$libinit$$00000011)
    .ARM.Collect$$libinit$$00000013          0x000001ac   Section        0  libinit2.o(.ARM.Collect$$libinit$$00000013)
    .ARM.Collect$$libinit$$00000015          0x000001ac   Section        0  libinit2.o(.ARM.Collect$$libinit$$00000015)
    .ARM.Collect$$libinit$$00000016          0x000001ac   Section       10  libinit2.o(.ARM.Collect$$libinit$$00000016)
    .ARM.Collect$$libinit$$00000017          0x000001b6   Section        0  libinit2.o(.ARM.Collect$$libinit$$00000017)
    .ARM.Collect$$libinit$$00000019          0x000001b6   Section        0  libinit2.o(.ARM.Collect$$libinit$$00000019)
    .ARM.Collect$$libinit$$0000001B          0x000001b6   Section        0  libinit2.o(.ARM.Collect$$libinit$$0000001B)
    .ARM.Collect$$libinit$$0000001D          0x000001b6   Section        0  libinit2.o(.ARM.Collect$$libinit$$0000001D)
    .ARM.Collect$$libinit$$0000001F          0x000001b6   Section        0  libinit2.o(.ARM.Collect$$libinit$$0000001F)
    .ARM.Collect$$libinit$$00000021          0x000001b6   Section        0  libinit2.o(.ARM.Collect$$libinit$$00000021)
    .ARM.Collect$$libinit$$00000023          0x000001b6   Section        0  libinit2.o(.ARM.Collect$$libinit$$00000023)
    .ARM.Collect$$libinit$$00000025          0x000001b6   Section        0  libinit2.o(.ARM.Collect$$libinit$$00000025)
    .ARM.Collect$$libinit$$0000002C          0x000001b6   Section        0  libinit2.o(.ARM.Collect$$libinit$$0000002C)
    .ARM.Collect$$libinit$$0000002E          0x000001b6   Section        0  libinit2.o(.ARM.Collect$$libinit$$0000002E)
    .ARM.Collect$$libinit$$00000030          0x000001b6   Section        0  libinit2.o(.ARM.Collect$$libinit$$00000030)
    .ARM.Collect$$libinit$$00000032          0x000001b6   Section        0  libinit2.o(.ARM.Collect$$libinit$$00000032)
    .ARM.Collect$$libinit$$00000033          0x000001b6   Section       12  libinit2.o(.ARM.Collect$$libinit$$00000033)
    .ARM.Collect$$libshutdown$$00000000      0x000001cc   Section        4  libshutdown.o(.ARM.Collect$$libshutdown$$00000000)
    .ARM.Collect$$libshutdown$$00000002      0x000001d0   Section        0  libshutdown2.o(.ARM.Collect$$libshutdown$$00000002)
    .ARM.Collect$$libshutdown$$00000004      0x000001d0   Section        0  libshutdown2.o(.ARM.Collect$$libshutdown$$00000004)
    .ARM.Collect$$libshutdown$$00000007      0x000001d0   Section        0  libshutdown2.o(.ARM.Collect$$libshutdown$$00000007)
    .ARM.Collect$$libshutdown$$0000000A      0x000001d0   Section        0  libshutdown2.o(.ARM.Collect$$libshutdown$$0000000A)
    .ARM.Collect$$libshutdown$$0000000C      0x000001d0   Section        0  libshutdown2.o(.ARM.Collect$$libshutdown$$0000000C)
    .ARM.Collect$$libshutdown$$0000000F      0x000001d0   Section        0  libshutdown2.o(.ARM.Collect$$libshutdown$$0000000F)
    .ARM.Collect$$libshutdown$$00000010      0x000001d0   Section        6  libshutdown2.o(.ARM.Collect$$libshutdown$$00000010)
    .ARM.Collect$$rtentry$$00000000          0x000001d8   Section        0  __rtentry.o(.ARM.Collect$$rtentry$$00000000)
    .ARM.Collect$$rtentry$$00000002          0x000001d8   Section        0  __rtentry2.o(.ARM.Collect$$rtentry$$00000002)
    .ARM.Collect$$rtentry$$00000004          0x000001d8   Section        8  __rtentry4.o(.ARM.Collect$$rtentry$$00000004)
    .ARM.Collect$$rtentry$$00000009          0x000001e0   Section        0  __rtentry2.o(.ARM.Collect$$rtentry$$00000009)
    .ARM.Collect$$rtentry$$0000000A          0x000001e0   Section        4  __rtentry2.o(.ARM.Collect$$rtentry$$0000000A)
    .ARM.Collect$$rtentry$$0000000C          0x000001e4   Section        0  __rtentry2.o(.ARM.Collect$$rtentry$$0000000C)
    .ARM.Collect$$rtentry$$0000000D          0x000001e4   Section       40  __rtentry2.o(.ARM.Collect$$rtentry$$0000000D)
    .ARM.Collect$$rtexit$$00000000           0x00000210   Section        4  rtexit.o(.ARM.Collect$$rtexit$$00000000)
    .ARM.Collect$$rtexit$$00000002           0x00000214   Section        0  rtexit2.o(.ARM.Collect$$rtexit$$00000002)
    .ARM.Collect$$rtexit$$00000003           0x00000214   Section        4  rtexit2.o(.ARM.Collect$$rtexit$$00000003)
    .ARM.Collect$$rtexit$$00000004           0x00000218   Section        8  rtexit2.o(.ARM.Collect$$rtexit$$00000004)
    .text                                    0x00000220   Section       32  startup.o(.text)
    .text                                    0x00000248   Section        0  noretval__2sprintf.o(.text)
    .text                                    0x00000278   Section        0  _printf_dec.o(.text)
    .text                                    0x000002e8   Section        0  __printf_wp.o(.text)
    .text                                    0x00000408   Section      100  rt_memcpy_w.o(.text)
    .text                                    0x00000470   Section      384  aeabi_sdiv.o(.text)
    __arm_div8                               0x0000049c   ARM Code       0  aeabi_sdiv.o(.text)
    __arm_div5                               0x000004c0   ARM Code       0  aeabi_sdiv.o(.text)
    __arm_div2                               0x000004e4   ARM Code       0  aeabi_sdiv.o(.text)
    __arm_div_large                          0x00000520   ARM Code       0  aeabi_sdiv.o(.text)
    .text                                    0x000005f0   Section        0  heapauxi.o(.text)
    .text                                    0x000005f6   Section        0  _printf_intcommon.o(.text)
    .text                                    0x000006b0   Section        0  _printf_fp_dec.o(.text)
    _fp_digits                               0x000006b3   Thumb Code   414  _printf_fp_dec.o(.text)
    .text                                    0x00000ad0   Section        0  _printf_char_common.o(.text)
    _printf_input_char                       0x00000ad1   Thumb Code    10  _printf_char_common.o(.text)
    .text                                    0x00000b00   Section        0  _sputc.o(.text)
    .text                                    0x00000b10   Section       44  rtudiv10.o(.text)
    .text                                    0x00000b40   Section       12  rt_locale_intlibspace.o(.text)
    .text                                    0x00000b50   Section      160  lludiv10.o(.text)
    .text                                    0x00000bf0   Section        0  _printf_fp_infnan.o(.text)
    .text                                    0x00000c80   Section        0  bigflt0.o(.text)
    .text                                    0x00000d5c   Section       12  libspace.o(.text)
    .text                                    0x00000d68   Section       96  sys_stackheap_outer.o(.text)
    .text                                    0x00000dc8   Section        0  exit.o(.text)
    .text                                    0x00000ddc   Section      244  strcmp.o(.text)
    .text                                    0x00000ed8   Section        0  sys_exit.o(.text)
    .text                                    0x00000ee4   Section        4  use_no_semi.o(.text)
    .text                                    0x00000ee8   Section        0  indicate_semi.o(.text)
    .text_udiv                               0x00000ee8   Section       36  aeabi_sdiv.o(.text_udiv)
    CL$$btod_d2e                             0x00000f10   Section       56  btod.o(CL$$btod_d2e)
    CL$$btod_d2e_denorm_low                  0x00000f48   Section       84  btod.o(CL$$btod_d2e_denorm_low)
    CL$$btod_d2e_norm_op1                    0x00000f9c   Section      104  btod.o(CL$$btod_d2e_norm_op1)
    CL$$btod_div_common                      0x00001004   Section      844  btod.o(CL$$btod_div_common)
    CL$$btod_e2e                             0x00001350   Section      244  btod.o(CL$$btod_e2e)
    CL$$btod_ediv                            0x00001448   Section       56  btod.o(CL$$btod_ediv)
    CL$$btod_emul                            0x00001484   Section       56  btod.o(CL$$btod_emul)
    CL$$btod_mult_common                     0x000014bc   Section      616  btod.o(CL$$btod_mult_common)
    i.__ARM_common_call_via_r1               0x00001730   Section        0  __printf.o(i.__ARM_common_call_via_r1)
    i.__ARM_common_call_via_r2               0x00001732   Section        0  __printf.o(i.__ARM_common_call_via_r2)
    i.__ARM_fpclassify                       0x00001738   Section        0  fpclassify.o(i.__ARM_fpclassify)
    i._is_digit                              0x00001768   Section        0  __printf_wp.o(i._is_digit)
    i.adc_init                               0x00001778   Section        0  adc.o(i.adc_init)
    i.adc_read                               0x000017a4   Section        0  adc.o(i.adc_read)
    i.delay_ms                               0x00001834   Section        0  delay.o(i.delay_ms)
    i.i2c_init                               0x00001884   Section        0  i2c_driver.o(i.i2c_init)
    i.i2c_read                               0x000018b8   Section        0  i2c_driver.o(i.i2c_read)
    i.i2c_send                               0x00001a9c   Section        0  i2c_driver.o(i.i2c_send)
    i.lcd_cmd                                0x00001c18   Section        0  lcd_driver.o(i.lcd_cmd)
    i.lcd_data                               0x00001cb0   Section        0  lcd_driver.o(i.lcd_data)
    i.lcd_float                              0x00001d48   Section        0  lcd_driver.o(i.lcd_float)
    i.lcd_init                               0x00001dec   Section        0  lcd_driver.o(i.lcd_init)
    i.lcd_integer                            0x00001e34   Section        0  lcd_driver.o(i.lcd_integer)
    i.lcd_string                             0x00001ec4   Section        0  lcd_driver.o(i.lcd_string)
    i.main                                   0x00001ef0   Section        0  main.o(i.main)
    i.mcp3204_adc_read                       0x00002590   Section        0  mcp3204_driver.o(i.mcp3204_adc_read)
    i.spi0_data                              0x000025f4   Section        0  spi.o(i.spi0_data)
    i.spi0_init                              0x00002630   Section        0  spi.o(i.spi0_init)
    i.uart0_init                             0x0000267c   Section        0  uart_driver.o(i.uart0_init)
    i.uart0_tx                               0x00002718   Section        0  uart_driver.o(i.uart0_tx)
    i.uart0_tx_float                         0x00002744   Section        0  uart_driver.o(i.uart0_tx_float)
    i.uart0_tx_integer                       0x00002784   Section        0  uart_driver.o(i.uart0_tx_integer)
    i.uart0_tx_string                        0x000027b0   Section        0  uart_driver.o(i.uart0_tx_string)
    locale$$code                             0x000027f8   Section       80  lc_numeric_c.o(locale$$code)
    x$fpl$d2f                                0x00002848   Section      108  d2f.o(x$fpl$d2f)
    x$fpl$dadd                               0x000028b4   Section      340  daddsub_noclz.o(x$fpl$dadd)
    _dadd1                                   0x000028c4   ARM Code       0  daddsub_noclz.o(x$fpl$dadd)
    x$fpl$ddiv                               0x00002a08   Section      736  ddiv.o(x$fpl$ddiv)
    ddiv_entry                               0x00002a10   ARM Code       0  ddiv.o(x$fpl$ddiv)
    x$fpl$dflt                               0x00002ce8   Section       88  dflt_noclz.o(x$fpl$dflt)
    x$fpl$dfltu                              0x00002d40   Section       12  dflt_noclz.o(x$fpl$dfltu)
    x$fpl$dmul                               0x00002d4c   Section      384  dmul.o(x$fpl$dmul)
    x$fpl$dnaninf                            0x00002ecc   Section      192  dnaninf.o(x$fpl$dnaninf)
    x$fpl$dretinf                            0x00002f8c   Section       16  dretinf.o(x$fpl$dretinf)
    x$fpl$dsub                               0x00002f9c   Section      580  daddsub_noclz.o(x$fpl$dsub)
    _dsub1                                   0x00002fac   ARM Code       0  daddsub_noclz.o(x$fpl$dsub)
    x$fpl$f2d                                0x000031e0   Section      100  f2d.o(x$fpl$f2d)
    x$fpl$fadd                               0x00003244   Section      196  faddsub_noclz.o(x$fpl$fadd)
    _fadd1                                   0x00003250   ARM Code       0  faddsub_noclz.o(x$fpl$fadd)
    x$fpl$fcmpinf                            0x00003308   Section       28  fcmpi.o(x$fpl$fcmpinf)
    x$fpl$feqf                               0x00003324   Section      132  feqf.o(x$fpl$feqf)
    x$fpl$ffix                               0x000033a8   Section       68  ffix.o(x$fpl$ffix)
    x$fpl$fflt                               0x000033ec   Section       92  fflt_noclz.o(x$fpl$fflt)
    x$fpl$fleqf                              0x00003448   Section      132  fleqf.o(x$fpl$fleqf)
    x$fpl$fmul                               0x000034cc   Section      256  fmul.o(x$fpl$fmul)
    x$fpl$fnaninf                            0x000035cc   Section      168  fnaninf.o(x$fpl$fnaninf)
    x$fpl$fretinf                            0x00003674   Section       16  fretinf.o(x$fpl$fretinf)
    x$fpl$frsb                               0x00003684   Section       20  faddsub_noclz.o(x$fpl$frsb)
    x$fpl$fsub                               0x00003698   Section      304  faddsub_noclz.o(x$fpl$fsub)
    _fsub1                                   0x000036a4   ARM Code       0  faddsub_noclz.o(x$fpl$fsub)
    x$fpl$ieeestatus                         0x000037cc   Section        8  istatus.o(x$fpl$ieeestatus)
    x$fpl$printf1                            0x000037d4   Section        4  printf1.o(x$fpl$printf1)
    .constdata                               0x000037d8   Section       32  main.o(.constdata)
    x$fpl$usenofp                            0x000037d8   Section        0  usenofp.o(x$fpl$usenofp)
    .constdata                               0x000037f8   Section       20  uart_driver.o(.constdata)
    .constdata                               0x0000380c   Section      148  bigflt0.o(.constdata)
    tenpwrs_x                                0x0000380c   Data          60  bigflt0.o(.constdata)
    tenpwrs_i                                0x00003848   Data          64  bigflt0.o(.constdata)
    locale$$data                             0x000038b0   Section       28  lc_numeric_c.o(locale$$data)
    __lcnum_c_name                           0x000038b4   Data           2  lc_numeric_c.o(locale$$data)
    __lcnum_c_start                          0x000038bc   Data           0  lc_numeric_c.o(locale$$data)
    __lcnum_c_point                          0x000038c8   Data           0  lc_numeric_c.o(locale$$data)
    __lcnum_c_thousands                      0x000038ca   Data           0  lc_numeric_c.o(locale$$data)
    __lcnum_c_grouping                       0x000038cb   Data           0  lc_numeric_c.o(locale$$data)
    __lcnum_c_end                            0x000038cc   Data           0  lc_numeric_c.o(locale$$data)
    .bss                                     0x40000000   Section       96  libspace.o(.bss)
    HEAP                                     0x40000060   Section        0  startup.o(HEAP)
    STACK                                    0x40000060   Section     1160  startup.o(STACK)
    Heap_Mem                                 0x40000060   Data           0  startup.o(HEAP)
    Stack_Mem                                0x40000060   Data        1024  startup.o(STACK)
    Stack_Top                                0x400004e8   Data           0  startup.o(STACK)

    Global Symbols

    Symbol Name                              Value     Ov Type        Size  Object(Section)

    BuildAttributes$$THM_ISAv1$ARM_ISAv4$S$PE$A:L22$X:L11$S22$IEEE1$IW$USESV6$~STKCKD$USESV7$~SHL$OTIME$ROPI$IEEEJ$EBA8$UX$STANDARDLIB$REQ8$PRES8$EABIv2 0x00000000   Number         0  anon$$obj.o ABSOLUTE
    __ARM_use_no_argv                        0x00000000   Number         0  main.o ABSOLUTE
    _printf_flags                            0x00000000   Number         0  printf_stubs.o ABSOLUTE
    _printf_return_value                     0x00000000   Number         0  printf_stubs.o ABSOLUTE
    _printf_sizespec                         0x00000000   Number         0  printf_stubs.o ABSOLUTE
    _printf_widthprec                        0x00000000   Number         0  printf_stubs.o ABSOLUTE
    __ARM_exceptions_init                     - Undefined Weak Reference
    __alloca_initialize                       - Undefined Weak Reference
    __arm_preinit_                            - Undefined Weak Reference
    __cpp_initialize__aeabi_                  - Undefined Weak Reference
    __cxa_finalize                            - Undefined Weak Reference
    __sigvec_lookup                           - Undefined Weak Reference
    _atexit_init                              - Undefined Weak Reference
    _call_atexit_fns                          - Undefined Weak Reference
    _clock_init                               - Undefined Weak Reference
    _fp_trap_init                             - Undefined Weak Reference
    _fp_trap_shutdown                         - Undefined Weak Reference
    _get_lc_collate                           - Undefined Weak Reference
    _get_lc_ctype                             - Undefined Weak Reference
    _get_lc_monetary                          - Undefined Weak Reference
    _get_lc_time                              - Undefined Weak Reference
    _getenv_init                              - Undefined Weak Reference
    _handle_redirection                       - Undefined Weak Reference
    _init_alloc                               - Undefined Weak Reference
    _init_user_alloc                          - Undefined Weak Reference
    _initio                                   - Undefined Weak Reference
    _printf_post_padding                      - Undefined Weak Reference
    _printf_pre_padding                       - Undefined Weak Reference
    _printf_truncate_signed                   - Undefined Weak Reference
    _printf_truncate_unsigned                 - Undefined Weak Reference
    _rand_init                                - Undefined Weak Reference
    _signal_finish                            - Undefined Weak Reference
    _signal_init                              - Undefined Weak Reference
    _terminate_alloc                          - Undefined Weak Reference
    _terminate_user_alloc                     - Undefined Weak Reference
    _terminateio                              - Undefined Weak Reference
    Reset_Handler                            0x00000058   ARM Code       0  startup.o(RESET)
    __main                                   0x00000110   ARM Code       8  __main.o(!!!main)
    __scatterload                            0x00000118   ARM Code       0  __scatter.o(!!!scatter)
    __scatterload_rt2                        0x00000118   ARM Code      52  __scatter.o(!!!scatter)
    __scatterload_null                       0x0000012c   ARM Code       0  __scatter.o(!!!scatter)
    __scatterload_zeroinit                   0x00000154   ARM Code      44  __scatter_zi.o(!!handler_zi)
    Inline Thumb to ARM Veneer to _printf_percent 0x00000181   Thumb Code     4  _printf_percent.o(.ARM.Collect$$_printf_percent$$00000000)
    _printf_f                                0x00000184   ARM Code       0  _printf_f.o(.ARM.Collect$$_printf_percent$$00000003)
    _printf_percent                          0x00000184   ARM Code       0  _printf_percent.o(.ARM.Collect$$_printf_percent$$00000000)
    _printf_d                                0x0000018c   ARM Code       0  _printf_d.o(.ARM.Collect$$_printf_percent$$00000009)
    _printf_percent_end                      0x00000194   ARM Code       0  _printf_percent_end.o(.ARM.Collect$$_printf_percent$$00000017)
    Inline ARM to Thumb Veneer to __rt_lib_init 0x0000019c   ARM Code       8  libinit.o(.ARM.Collect$$libinit$$00000000)
    __rt_lib_init                            0x000001a5   Thumb Code     0  libinit.o(.ARM.Collect$$libinit$$00000000)
    __rt_lib_init_fp_1                       0x000001a7   Thumb Code     0  libinit2.o(.ARM.Collect$$libinit$$00000002)
    __rt_lib_init_heap_1                     0x000001a7   Thumb Code     0  libinit2.o(.ARM.Collect$$libinit$$0000000A)
    __rt_lib_init_lc_common                  0x000001a7   Thumb Code     0  libinit2.o(.ARM.Collect$$libinit$$0000000F)
    __rt_lib_init_preinit_1                  0x000001a7   Thumb Code     0  libinit2.o(.ARM.Collect$$libinit$$00000004)
    __rt_lib_init_rand_1                     0x000001a7   Thumb Code     0  libinit2.o(.ARM.Collect$$libinit$$0000000E)
    __rt_lib_init_user_alloc_1               0x000001a7   Thumb Code     0  libinit2.o(.ARM.Collect$$libinit$$0000000C)
    __rt_lib_init_lc_collate_1               0x000001ad   Thumb Code     0  libinit2.o(.ARM.Collect$$libinit$$00000011)
    __rt_lib_init_lc_ctype_1                 0x000001ad   Thumb Code     0  libinit2.o(.ARM.Collect$$libinit$$00000013)
    __rt_lib_init_lc_monetary_1              0x000001ad   Thumb Code     0  libinit2.o(.ARM.Collect$$libinit$$00000015)
    __rt_lib_init_lc_numeric_2               0x000001ad   Thumb Code     0  libinit2.o(.ARM.Collect$$libinit$$00000016)
    __rt_lib_init_alloca_1                   0x000001b7   Thumb Code     0  libinit2.o(.ARM.Collect$$libinit$$0000002E)
    __rt_lib_init_argv_1                     0x000001b7   Thumb Code     0  libinit2.o(.ARM.Collect$$libinit$$0000002C)
    __rt_lib_init_atexit_1                   0x000001b7   Thumb Code     0  libinit2.o(.ARM.Collect$$libinit$$0000001B)
    __rt_lib_init_clock_1                    0x000001b7   Thumb Code     0  libinit2.o(.ARM.Collect$$libinit$$00000021)
    __rt_lib_init_cpp_1                      0x000001b7   Thumb Code     0  libinit2.o(.ARM.Collect$$libinit$$00000032)
    __rt_lib_init_exceptions_1               0x000001b7   Thumb Code     0  libinit2.o(.ARM.Collect$$libinit$$00000030)
    __rt_lib_init_fp_trap_1                  0x000001b7   Thumb Code     0  libinit2.o(.ARM.Collect$$libinit$$0000001F)
    __rt_lib_init_getenv_1                   0x000001b7   Thumb Code     0  libinit2.o(.ARM.Collect$$libinit$$00000023)
    __rt_lib_init_lc_numeric_1               0x000001b7   Thumb Code     0  libinit2.o(.ARM.Collect$$libinit$$00000017)
    __rt_lib_init_lc_time_1                  0x000001b7   Thumb Code     0  libinit2.o(.ARM.Collect$$libinit$$00000019)
    __rt_lib_init_return                     0x000001b7   Thumb Code     0  libinit2.o(.ARM.Collect$$libinit$$00000033)
    __rt_lib_init_signal_1                   0x000001b7   Thumb Code     0  libinit2.o(.ARM.Collect$$libinit$$0000001D)
    __rt_lib_init_stdio_1                    0x000001b7   Thumb Code     0  libinit2.o(.ARM.Collect$$libinit$$00000025)
    Inline ARM to Thumb Veneer to __rt_lib_shutdown 0x000001c4   ARM Code       8  libshutdown.o(.ARM.Collect$$libshutdown$$00000000)
    __rt_lib_shutdown                        0x000001cd   Thumb Code     0  libshutdown.o(.ARM.Collect$$libshutdown$$00000000)
    __rt_lib_shutdown_cpp_1                  0x000001d1   Thumb Code     0  libshutdown2.o(.ARM.Collect$$libshutdown$$00000002)
    __rt_lib_shutdown_fp_trap_1              0x000001d1   Thumb Code     0  libshutdown2.o(.ARM.Collect$$libshutdown$$00000007)
    __rt_lib_shutdown_heap_1                 0x000001d1   Thumb Code     0  libshutdown2.o(.ARM.Collect$$libshutdown$$0000000F)
    __rt_lib_shutdown_return                 0x000001d1   Thumb Code     0  libshutdown2.o(.ARM.Collect$$libshutdown$$00000010)
    __rt_lib_shutdown_signal_1               0x000001d1   Thumb Code     0  libshutdown2.o(.ARM.Collect$$libshutdown$$0000000A)
    __rt_lib_shutdown_stdio_1                0x000001d1   Thumb Code     0  libshutdown2.o(.ARM.Collect$$libshutdown$$00000004)
    __rt_lib_shutdown_user_alloc_1           0x000001d1   Thumb Code     0  libshutdown2.o(.ARM.Collect$$libshutdown$$0000000C)
    __rt_entry                               0x000001d8   ARM Code       0  __rtentry.o(.ARM.Collect$$rtentry$$00000000)
    __rt_entry_presh_1                       0x000001d8   ARM Code       0  __rtentry2.o(.ARM.Collect$$rtentry$$00000002)
    __rt_entry_sh                            0x000001d8   ARM Code       0  __rtentry4.o(.ARM.Collect$$rtentry$$00000004)
    __rt_entry_li                            0x000001e0   ARM Code       0  __rtentry2.o(.ARM.Collect$$rtentry$$0000000A)
    __rt_entry_postsh_1                      0x000001e0   ARM Code       0  __rtentry2.o(.ARM.Collect$$rtentry$$00000009)
    __rt_entry_main                          0x000001e4   ARM Code       0  __rtentry2.o(.ARM.Collect$$rtentry$$0000000D)
    __rt_entry_postli_1                      0x000001e4   ARM Code       0  __rtentry2.o(.ARM.Collect$$rtentry$$0000000C)
    Inline Thumb to ARM Veneer to __rt_exit  0x0000020d   Thumb Code     4  rtexit.o(.ARM.Collect$$rtexit$$00000000)
    __rt_exit                                0x00000210   ARM Code       0  rtexit.o(.ARM.Collect$$rtexit$$00000000)
    __rt_exit_ls                             0x00000214   ARM Code       0  rtexit2.o(.ARM.Collect$$rtexit$$00000003)
    __rt_exit_prels_1                        0x00000214   ARM Code       0  rtexit2.o(.ARM.Collect$$rtexit$$00000002)
    __rt_exit_exit                           0x00000218   ARM Code       0  rtexit2.o(.ARM.Collect$$rtexit$$00000004)
    __user_initial_stackheap                 0x00000220   ARM Code       0  startup.o(.text)
    Inline ARM to Thumb Veneer to __2sprintf 0x00000240   ARM Code       8  noretval__2sprintf.o(.text)
    __2sprintf                               0x00000249   Thumb Code    36  noretval__2sprintf.o(.text)
    Inline ARM to Thumb Veneer to _printf_int_dec 0x00000270   ARM Code       8  _printf_dec.o(.text)
    _printf_int_dec                          0x00000279   Thumb Code    94  _printf_dec.o(.text)
    __printf                                 0x000002e9   Thumb Code   286  __printf_wp.o(.text)
    __aeabi_memcpy4                          0x00000408   ARM Code       0  rt_memcpy_w.o(.text)
    __aeabi_memcpy8                          0x00000408   ARM Code       0  rt_memcpy_w.o(.text)
    __rt_memcpy_w                            0x00000408   ARM Code     100  rt_memcpy_w.o(.text)
    _memcpy_lastbytes_aligned                0x00000454   ARM Code       0  rt_memcpy_w.o(.text)
    Inline Thumb to ARM Veneer to __aeabi_idivmod 0x0000046d   Thumb Code     4  aeabi_sdiv.o(.text)
    __aeabi_idiv                             0x00000470   ARM Code       0  aeabi_sdiv.o(.text)
    __aeabi_idivmod                          0x00000470   ARM Code     384  aeabi_sdiv.o(.text)
    __use_two_region_memory                  0x000005f1   Thumb Code     2  heapauxi.o(.text)
    __rt_heap_escrow$2region                 0x000005f3   Thumb Code     2  heapauxi.o(.text)
    __rt_heap_expand$2region                 0x000005f5   Thumb Code     2  heapauxi.o(.text)
    _printf_int_common                       0x000005f7   Thumb Code   186  _printf_intcommon.o(.text)
    __lib_sel_fp_printf                      0x000006b1   Thumb Code     2  _printf_fp_dec.o(.text)
    _printf_fp_dec_real                      0x00000851   Thumb Code   628  _printf_fp_dec.o(.text)
    _printf_char_common                      0x00000adb   Thumb Code    34  _printf_char_common.o(.text)
    _sputc                                   0x00000b01   Thumb Code    10  _sputc.o(.text)
    Inline Thumb to ARM Veneer to __rt_udiv10 0x00000b0d   Thumb Code     4  rtudiv10.o(.text)
    __rt_udiv10                              0x00000b10   ARM Code      44  rtudiv10.o(.text)
    Inline Thumb to ARM Veneer to __rt_locale 0x00000b3d   Thumb Code     4  rt_locale_intlibspace.o(.text)
    __rt_locale                              0x00000b40   ARM Code      12  rt_locale_intlibspace.o(.text)
    Inline Thumb to ARM Veneer to _ll_udiv10 0x00000b4d   Thumb Code     4  lludiv10.o(.text)
    _ll_udiv10                               0x00000b50   ARM Code     160  lludiv10.o(.text)
    _printf_fp_infnan                        0x00000bf1   Thumb Code   128  _printf_fp_infnan.o(.text)
    _btod_etento                             0x00000c81   Thumb Code   214  bigflt0.o(.text)
    __user_libspace                          0x00000d5c   ARM Code      12  libspace.o(.text)
    __user_perproc_libspace                  0x00000d5c   ARM Code       0  libspace.o(.text)
    __user_perthread_libspace                0x00000d5c   ARM Code       0  libspace.o(.text)
    __user_setup_stackheap                   0x00000d68   ARM Code      96  sys_stackheap_outer.o(.text)
    exit                                     0x00000dc9   Thumb Code    20  exit.o(.text)
    strcmp                                   0x00000ddc   ARM Code     240  strcmp.o(.text)
    Inline ARM to Thumb Veneer to _sys_exit  0x00000ed0   ARM Code       8  sys_exit.o(.text)
    _sys_exit                                0x00000ed9   Thumb Code     8  sys_exit.o(.text)
    __I$use$semihosting                      0x00000ee4   ARM Code       0  use_no_semi.o(.text)
    __use_no_semihosting_swi                 0x00000ee4   ARM Code       4  use_no_semi.o(.text)
    __aeabi_uidiv                            0x00000ee8   ARM Code       0  aeabi_sdiv.o(.text_udiv)
    __aeabi_uidivmod                         0x00000ee8   ARM Code      36  aeabi_sdiv.o(.text_udiv)
    __semihosting_library_function           0x00000ee8   ARM Code       0  indicate_semi.o(.text)
    Inline Thumb to ARM Veneer to _btod_d2e  0x00000f0d   Thumb Code     4  btod.o(CL$$btod_d2e)
    _btod_d2e                                0x00000f10   ARM Code      56  btod.o(CL$$btod_d2e)
    _d2e_denorm_low                          0x00000f48   ARM Code      84  btod.o(CL$$btod_d2e_denorm_low)
    _d2e_norm_op1                            0x00000f9c   ARM Code     104  btod.o(CL$$btod_d2e_norm_op1)
    __btod_div_common                        0x00001004   ARM Code     716  btod.o(CL$$btod_div_common)
    _e2e                                     0x00001350   ARM Code     244  btod.o(CL$$btod_e2e)
    Inline Thumb to ARM Veneer to _btod_ediv 0x00001445   Thumb Code     4  btod.o(CL$$btod_ediv)
    _btod_ediv                               0x00001448   ARM Code      56  btod.o(CL$$btod_ediv)
    Inline Thumb to ARM Veneer to _btod_emul 0x00001481   Thumb Code     4  btod.o(CL$$btod_emul)
    _btod_emul                               0x00001484   ARM Code      56  btod.o(CL$$btod_emul)
    __btod_mult_common                       0x000014bc   ARM Code     616  btod.o(CL$$btod_mult_common)
    Long ARM to Thumb Veneer to _printf_fp_dec_real 0x00001724   ARM Code      12  anon$$obj.o(Veneer$$Code)
    __ARM_common_call_via_r1                 0x00001731   Thumb Code     2  __printf.o(i.__ARM_common_call_via_r1)
    __ARM_common_call_via_r2                 0x00001733   Thumb Code     2  __printf.o(i.__ARM_common_call_via_r2)
    Inline Thumb to ARM Veneer to __ARM_fpclassify 0x00001735   Thumb Code     4  fpclassify.o(i.__ARM_fpclassify)
    __ARM_fpclassify                         0x00001738   ARM Code      48  fpclassify.o(i.__ARM_fpclassify)
    _is_digit                                0x00001769   Thumb Code    14  __printf_wp.o(i._is_digit)
    adc_init                                 0x00001778   ARM Code      36  adc.o(i.adc_init)
    adc_read                                 0x000017a4   ARM Code     140  adc.o(i.adc_read)
    delay_ms                                 0x00001834   ARM Code      72  delay.o(i.delay_ms)
    i2c_init                                 0x00001884   ARM Code      48  i2c_driver.o(i.i2c_init)
    i2c_read                                 0x000018b8   ARM Code     436  i2c_driver.o(i.i2c_read)
    i2c_send                                 0x00001a9c   ARM Code     332  i2c_driver.o(i.i2c_send)
    lcd_cmd                                  0x00001c18   ARM Code     148  lcd_driver.o(i.lcd_cmd)
    lcd_data                                 0x00001cb0   ARM Code     148  lcd_driver.o(i.lcd_data)
    lcd_float                                0x00001d48   ARM Code     156  lcd_driver.o(i.lcd_float)
    lcd_init                                 0x00001dec   ARM Code      68  lcd_driver.o(i.lcd_init)
    lcd_integer                              0x00001e34   ARM Code     144  lcd_driver.o(i.lcd_integer)
    lcd_string                               0x00001ec4   ARM Code      44  lcd_driver.o(i.lcd_string)
    main                                     0x00001ef0   ARM Code    1696  main.o(i.main)
    mcp3204_adc_read                         0x00002590   ARM Code      96  mcp3204_driver.o(i.mcp3204_adc_read)
    spi0_data                                0x000025f4   ARM Code      56  spi.o(i.spi0_data)
    spi0_init                                0x00002630   ARM Code      72  spi.o(i.spi0_init)
    uart0_init                               0x0000267c   ARM Code     140  uart_driver.o(i.uart0_init)
    uart0_tx                                 0x00002718   ARM Code      40  uart_driver.o(i.uart0_tx)
    uart0_tx_float                           0x00002744   ARM Code      56  uart_driver.o(i.uart0_tx_float)
    uart0_tx_integer                         0x00002784   ARM Code      40  uart_driver.o(i.uart0_tx_integer)
    uart0_tx_string                          0x000027b0   ARM Code      64  uart_driver.o(i.uart0_tx_string)
    Inline Thumb to ARM Veneer to _get_lc_numeric 0x000027f5   Thumb Code     4  lc_numeric_c.o(locale$$code)
    _get_lc_numeric                          0x000027f8   ARM Code      80  lc_numeric_c.o(locale$$code)
    __aeabi_d2f                              0x00002848   ARM Code       0  d2f.o(x$fpl$d2f)
    _d2f                                     0x00002848   ARM Code     108  d2f.o(x$fpl$d2f)
    __aeabi_dadd                             0x000028b4   ARM Code       0  daddsub_noclz.o(x$fpl$dadd)
    _dadd                                    0x000028b4   ARM Code     336  daddsub_noclz.o(x$fpl$dadd)
    __aeabi_ddiv                             0x00002a08   ARM Code       0  ddiv.o(x$fpl$ddiv)
    _ddiv                                    0x00002a08   ARM Code     600  ddiv.o(x$fpl$ddiv)
    __aeabi_i2d                              0x00002ce8   ARM Code       0  dflt_noclz.o(x$fpl$dflt)
    _dflt                                    0x00002ce8   ARM Code      88  dflt_noclz.o(x$fpl$dflt)
    __dflt_normalise                         0x00002cf8   ARM Code       0  dflt_noclz.o(x$fpl$dflt)
    __aeabi_ui2d                             0x00002d40   ARM Code       0  dflt_noclz.o(x$fpl$dfltu)
    _dfltu                                   0x00002d40   ARM Code      12  dflt_noclz.o(x$fpl$dfltu)
    __aeabi_dmul                             0x00002d4c   ARM Code       0  dmul.o(x$fpl$dmul)
    _dmul                                    0x00002d4c   ARM Code     372  dmul.o(x$fpl$dmul)
    __fpl_dnaninf                            0x00002ecc   ARM Code     192  dnaninf.o(x$fpl$dnaninf)
    __fpl_dretinf                            0x00002f8c   ARM Code      16  dretinf.o(x$fpl$dretinf)
    __aeabi_dsub                             0x00002f9c   ARM Code       0  daddsub_noclz.o(x$fpl$dsub)
    _dsub                                    0x00002f9c   ARM Code     576  daddsub_noclz.o(x$fpl$dsub)
    __aeabi_f2d                              0x000031e0   ARM Code       0  f2d.o(x$fpl$f2d)
    _f2d                                     0x000031e0   ARM Code     100  f2d.o(x$fpl$f2d)
    __aeabi_fadd                             0x00003244   ARM Code       0  faddsub_noclz.o(x$fpl$fadd)
    _fadd                                    0x00003244   ARM Code     196  faddsub_noclz.o(x$fpl$fadd)
    __fpl_fcmp_Inf                           0x00003308   ARM Code      28  fcmpi.o(x$fpl$fcmpinf)
    __aeabi_cfcmpeq                          0x00003324   ARM Code       0  feqf.o(x$fpl$feqf)
    _fcmpeq                                  0x00003324   ARM Code     132  feqf.o(x$fpl$feqf)
    __aeabi_f2iz                             0x000033a8   ARM Code       0  ffix.o(x$fpl$ffix)
    _ffix                                    0x000033a8   ARM Code      68  ffix.o(x$fpl$ffix)
    __aeabi_i2f                              0x000033ec   ARM Code       0  fflt_noclz.o(x$fpl$fflt)
    _fflt                                    0x000033ec   ARM Code      92  fflt_noclz.o(x$fpl$fflt)
    __fflt_normalise                         0x000033f8   ARM Code       0  fflt_noclz.o(x$fpl$fflt)
    __aeabi_cfcmple                          0x00003448   ARM Code       0  fleqf.o(x$fpl$fleqf)
    _fcmple                                  0x00003448   ARM Code     132  fleqf.o(x$fpl$fleqf)
    __fpl_fcmple_InfNaN                      0x000034b4   ARM Code       0  fleqf.o(x$fpl$fleqf)
    __aeabi_fmul                             0x000034cc   ARM Code       0  fmul.o(x$fpl$fmul)
    _fmul                                    0x000034cc   ARM Code     256  fmul.o(x$fpl$fmul)
    __fpl_fnaninf                            0x000035cc   ARM Code     168  fnaninf.o(x$fpl$fnaninf)
    __fpl_fretinf                            0x00003674   ARM Code      16  fretinf.o(x$fpl$fretinf)
    __aeabi_frsub                            0x00003684   ARM Code       0  faddsub_noclz.o(x$fpl$frsb)
    _frsb                                    0x00003684   ARM Code      20  faddsub_noclz.o(x$fpl$frsb)
    __aeabi_fsub                             0x00003698   ARM Code       0  faddsub_noclz.o(x$fpl$fsub)
    _fsub                                    0x00003698   ARM Code     304  faddsub_noclz.o(x$fpl$fsub)
    Inline Thumb to ARM Veneer to __ieee_status 0x000037c9   Thumb Code     4  istatus.o(x$fpl$ieeestatus)
    __ieee_status                            0x000037cc   ARM Code       8  istatus.o(x$fpl$ieeestatus)
    _printf_fp_dec                           0x000037d4   ARM Code       4  printf1.o(x$fpl$printf1)
    __I$use$fp                               0x000037d8   Number         0  usenofp.o(x$fpl$usenofp)
    Region$$Table$$Base                      0x000038a0   Number         0  anon$$obj.o(Region$$Table)
    Region$$Table$$Limit                     0x000038b0   Number         0  anon$$obj.o(Region$$Table)
    __libspace_start                         0x40000000   Data          96  libspace.o(.bss)
    __temporary_stack_top$libspace           0x40000060   Data           0  libspace.o(.bss)



==============================================================================

Memory Map of the image

  Image Entry point : 0x00000110

  Load Region LR_IROM1 (Base: 0x00000000, Size: 0x000038cc, Max: 0x00040000, ABSOLUTE)

    Execution Region ER_IROM1 (Exec base: 0x00000000, Load base: 0x00000000, Size: 0x000038cc, Max: 0x00040000, ABSOLUTE)

    Exec Addr    Load Addr    Size         Type   Attr      Idx    E Section Name        Object

    0x00000000   0x00000000   0x00000110   Code   RO            3    RESET               startup.o
    0x00000110   0x00000110   0x00000008   Code   RO          266  * !!!main             c_t.l(__main.o)
    0x00000118   0x00000118   0x0000003c   Code   RO          546    !!!scatter          c_t.l(__scatter.o)
    0x00000154   0x00000154   0x0000002c   Code   RO          548    !!handler_zi        c_t.l(__scatter_zi.o)
    0x00000180   0x00000180   0x00000004   Ven    RO          245    .ARM.Collect$$_printf_percent$$00000000  c_t.l(_printf_percent.o)
    0x00000184   0x00000184   0x00000000   Code   RO          245    .ARM.Collect$$_printf_percent$$00000000  c_t.l(_printf_percent.o)
    0x00000184   0x00000184   0x00000008   Code   RO          244    .ARM.Collect$$_printf_percent$$00000003  c_t.l(_printf_f.o)
    0x0000018c   0x0000018c   0x00000008   Code   RO          243    .ARM.Collect$$_printf_percent$$00000009  c_t.l(_printf_d.o)
    0x00000194   0x00000194   0x00000008   Code   RO          323    .ARM.Collect$$_printf_percent$$00000017  c_t.l(_printf_percent_end.o)
    0x0000019c   0x0000019c   0x00000008   Ven    RO          419    .ARM.Collect$$libinit$$00000000  c_t.l(libinit.o)
    0x000001a4   0x000001a4   0x00000002   Code   RO          419    .ARM.Collect$$libinit$$00000000  c_t.l(libinit.o)
    0x000001a6   0x000001a6   0x00000000   Code   RO          421    .ARM.Collect$$libinit$$00000002  c_t.l(libinit2.o)
    0x000001a6   0x000001a6   0x00000000   Code   RO          423    .ARM.Collect$$libinit$$00000004  c_t.l(libinit2.o)
    0x000001a6   0x000001a6   0x00000000   Code   RO          426    .ARM.Collect$$libinit$$0000000A  c_t.l(libinit2.o)
    0x000001a6   0x000001a6   0x00000000   Code   RO          428    .ARM.Collect$$libinit$$0000000C  c_t.l(libinit2.o)
    0x000001a6   0x000001a6   0x00000000   Code   RO          430    .ARM.Collect$$libinit$$0000000E  c_t.l(libinit2.o)
    0x000001a6   0x000001a6   0x00000006   Code   RO          431    .ARM.Collect$$libinit$$0000000F  c_t.l(libinit2.o)
    0x000001ac   0x000001ac   0x00000000   Code   RO          433    .ARM.Collect$$libinit$$00000011  c_t.l(libinit2.o)
    0x000001ac   0x000001ac   0x00000000   Code   RO          435    .ARM.Collect$$libinit$$00000013  c_t.l(libinit2.o)
    0x000001ac   0x000001ac   0x00000000   Code   RO          437    .ARM.Collect$$libinit$$00000015  c_t.l(libinit2.o)
    0x000001ac   0x000001ac   0x0000000a   Code   RO          438    .ARM.Collect$$libinit$$00000016  c_t.l(libinit2.o)
    0x000001b6   0x000001b6   0x00000000   Code   RO          439    .ARM.Collect$$libinit$$00000017  c_t.l(libinit2.o)
    0x000001b6   0x000001b6   0x00000000   Code   RO          441    .ARM.Collect$$libinit$$00000019  c_t.l(libinit2.o)
    0x000001b6   0x000001b6   0x00000000   Code   RO          443    .ARM.Collect$$libinit$$0000001B  c_t.l(libinit2.o)
    0x000001b6   0x000001b6   0x00000000   Code   RO          445    .ARM.Collect$$libinit$$0000001D  c_t.l(libinit2.o)
    0x000001b6   0x000001b6   0x00000000   Code   RO          447    .ARM.Collect$$libinit$$0000001F  c_t.l(libinit2.o)
    0x000001b6   0x000001b6   0x00000000   Code   RO          449    .ARM.Collect$$libinit$$00000021  c_t.l(libinit2.o)
    0x000001b6   0x000001b6   0x00000000   Code   RO          451    .ARM.Collect$$libinit$$00000023  c_t.l(libinit2.o)
    0x000001b6   0x000001b6   0x00000000   Code   RO          453    .ARM.Collect$$libinit$$00000025  c_t.l(libinit2.o)
    0x000001b6   0x000001b6   0x00000000   Code   RO          457    .ARM.Collect$$libinit$$0000002C  c_t.l(libinit2.o)
    0x000001b6   0x000001b6   0x00000000   Code   RO          459    .ARM.Collect$$libinit$$0000002E  c_t.l(libinit2.o)
    0x000001b6   0x000001b6   0x00000000   Code   RO          461    .ARM.Collect$$libinit$$00000030  c_t.l(libinit2.o)
    0x000001b6   0x000001b6   0x00000000   Code   RO          463    .ARM.Collect$$libinit$$00000032  c_t.l(libinit2.o)
    0x000001b6   0x000001b6   0x0000000c   Code   RO          464    .ARM.Collect$$libinit$$00000033  c_t.l(libinit2.o)
    0x000001c2   0x000001c2   0x00000002   PAD
    0x000001c4   0x000001c4   0x00000008   Ven    RO          511    .ARM.Collect$$libshutdown$$00000000  c_t.l(libshutdown.o)
    0x000001cc   0x000001cc   0x00000004   Code   RO          511    .ARM.Collect$$libshutdown$$00000000  c_t.l(libshutdown.o)
    0x000001d0   0x000001d0   0x00000000   Code   RO          529    .ARM.Collect$$libshutdown$$00000002  c_t.l(libshutdown2.o)
    0x000001d0   0x000001d0   0x00000000   Code   RO          531    .ARM.Collect$$libshutdown$$00000004  c_t.l(libshutdown2.o)
    0x000001d0   0x000001d0   0x00000000   Code   RO          534    .ARM.Collect$$libshutdown$$00000007  c_t.l(libshutdown2.o)
    0x000001d0   0x000001d0   0x00000000   Code   RO          537    .ARM.Collect$$libshutdown$$0000000A  c_t.l(libshutdown2.o)
    0x000001d0   0x000001d0   0x00000000   Code   RO          539    .ARM.Collect$$libshutdown$$0000000C  c_t.l(libshutdown2.o)
    0x000001d0   0x000001d0   0x00000000   Code   RO          542    .ARM.Collect$$libshutdown$$0000000F  c_t.l(libshutdown2.o)
    0x000001d0   0x000001d0   0x00000006   Code   RO          543    .ARM.Collect$$libshutdown$$00000010  c_t.l(libshutdown2.o)
    0x000001d6   0x000001d6   0x00000002   PAD
    0x000001d8   0x000001d8   0x00000000   Code   RO          310    .ARM.Collect$$rtentry$$00000000  c_t.l(__rtentry.o)
    0x000001d8   0x000001d8   0x00000000   Code   RO          338    .ARM.Collect$$rtentry$$00000002  c_t.l(__rtentry2.o)
    0x000001d8   0x000001d8   0x00000008   Code   RO          350    .ARM.Collect$$rtentry$$00000004  c_t.l(__rtentry4.o)
    0x000001e0   0x000001e0   0x00000000   Code   RO          340    .ARM.Collect$$rtentry$$00000009  c_t.l(__rtentry2.o)
    0x000001e0   0x000001e0   0x00000004   Code   RO          341    .ARM.Collect$$rtentry$$0000000A  c_t.l(__rtentry2.o)
    0x000001e4   0x000001e4   0x00000000   Code   RO          343    .ARM.Collect$$rtentry$$0000000C  c_t.l(__rtentry2.o)
    0x000001e4   0x000001e4   0x00000028   Code   RO          344    .ARM.Collect$$rtentry$$0000000D  c_t.l(__rtentry2.o)
    0x0000020c   0x0000020c   0x00000004   Ven    RO          465    .ARM.Collect$$rtexit$$00000000  c_t.l(rtexit.o)
    0x00000210   0x00000210   0x00000004   Code   RO          465    .ARM.Collect$$rtexit$$00000000  c_t.l(rtexit.o)
    0x00000214   0x00000214   0x00000000   Code   RO          480    .ARM.Collect$$rtexit$$00000002  c_t.l(rtexit2.o)
    0x00000214   0x00000214   0x00000004   Code   RO          481    .ARM.Collect$$rtexit$$00000003  c_t.l(rtexit2.o)
    0x00000218   0x00000218   0x00000008   Code   RO          482    .ARM.Collect$$rtexit$$00000004  c_t.l(rtexit2.o)
    0x00000220   0x00000220   0x00000020   Code   RO            4    .text               startup.o
    0x00000240   0x00000240   0x00000008   Ven    RO          213    .text               c_t.l(noretval__2sprintf.o)
    0x00000248   0x00000248   0x00000028   Code   RO          213    .text               c_t.l(noretval__2sprintf.o)
    0x00000270   0x00000270   0x00000008   Ven    RO          221    .text               c_t.l(_printf_dec.o)
    0x00000278   0x00000278   0x00000070   Code   RO          221    .text               c_t.l(_printf_dec.o)
    0x000002e8   0x000002e8   0x0000011e   Code   RO          231    .text               c_t.l(__printf_wp.o)
    0x00000406   0x00000406   0x00000002   PAD
    0x00000408   0x00000408   0x00000064   Code   RO          246    .text               c_t.l(rt_memcpy_w.o)
    0x0000046c   0x0000046c   0x00000004   Ven    RO          248    .text               c_t.l(aeabi_sdiv.o)
    0x00000470   0x00000470   0x00000180   Code   RO          248    .text               c_t.l(aeabi_sdiv.o)
    0x000005f0   0x000005f0   0x00000006   Code   RO          264    .text               c_t.l(heapauxi.o)
    0x000005f6   0x000005f6   0x000000ba   Code   RO          315    .text               c_t.l(_printf_intcommon.o)
    0x000006b0   0x000006b0   0x00000420   Code   RO          317    .text               c_t.l(_printf_fp_dec.o)
    0x00000ad0   0x00000ad0   0x00000030   Code   RO          319    .text               c_t.l(_printf_char_common.o)
    0x00000b00   0x00000b00   0x0000000a   Code   RO          321    .text               c_t.l(_sputc.o)
    0x00000b0a   0x00000b0a   0x00000002   PAD
    0x00000b0c   0x00000b0c   0x00000004   Ven    RO          324    .text               c_t.l(rtudiv10.o)
    0x00000b10   0x00000b10   0x0000002c   Code   RO          324    .text               c_t.l(rtudiv10.o)
    0x00000b3c   0x00000b3c   0x00000004   Ven    RO          357    .text               c_t.l(rt_locale_intlibspace.o)
    0x00000b40   0x00000b40   0x0000000c   Code   RO          357    .text               c_t.l(rt_locale_intlibspace.o)
    0x00000b4c   0x00000b4c   0x00000004   Ven    RO          359    .text               c_t.l(lludiv10.o)
    0x00000b50   0x00000b50   0x000000a0   Code   RO          359    .text               c_t.l(lludiv10.o)
    0x00000bf0   0x00000bf0   0x00000090   Code   RO          361    .text               c_t.l(_printf_fp_infnan.o)
    0x00000c80   0x00000c80   0x000000dc   Code   RO          369    .text               c_t.l(bigflt0.o)
    0x00000d5c   0x00000d5c   0x0000000c   Code   RO          401    .text               c_t.l(libspace.o)
    0x00000d68   0x00000d68   0x00000060   Code   RO          404    .text               c_t.l(sys_stackheap_outer.o)
    0x00000dc8   0x00000dc8   0x00000014   Code   RO          406    .text               c_t.l(exit.o)
    0x00000ddc   0x00000ddc   0x000000f4   Code   RO          412    .text               c_t.l(strcmp.o)
    0x00000ed0   0x00000ed0   0x00000008   Ven    RO          477    .text               c_t.l(sys_exit.o)
    0x00000ed8   0x00000ed8   0x0000000c   Code   RO          477    .text               c_t.l(sys_exit.o)
    0x00000ee4   0x00000ee4   0x00000004   Code   RO          498    .text               c_t.l(use_no_semi.o)
    0x00000ee8   0x00000ee8   0x00000000   Code   RO          500    .text               c_t.l(indicate_semi.o)
    0x00000ee8   0x00000ee8   0x00000024   Code   RO          249    .text_udiv          c_t.l(aeabi_sdiv.o)
    0x00000f0c   0x00000f0c   0x00000004   Ven    RO          372    CL$$btod_d2e        c_t.l(btod.o)
    0x00000f10   0x00000f10   0x00000038   Code   RO          372    CL$$btod_d2e        c_t.l(btod.o)
    0x00000f48   0x00000f48   0x00000054   Code   RO          374    CL$$btod_d2e_denorm_low  c_t.l(btod.o)
    0x00000f9c   0x00000f9c   0x00000068   Code   RO          373    CL$$btod_d2e_norm_op1  c_t.l(btod.o)
    0x00001004   0x00001004   0x0000034c   Code   RO          382    CL$$btod_div_common  c_t.l(btod.o)
    0x00001350   0x00001350   0x000000f4   Code   RO          379    CL$$btod_e2e        c_t.l(btod.o)
    0x00001444   0x00001444   0x00000004   Ven    RO          376    CL$$btod_ediv       c_t.l(btod.o)
    0x00001448   0x00001448   0x00000038   Code   RO          376    CL$$btod_ediv       c_t.l(btod.o)
    0x00001480   0x00001480   0x00000004   Ven    RO          375    CL$$btod_emul       c_t.l(btod.o)
    0x00001484   0x00001484   0x00000038   Code   RO          375    CL$$btod_emul       c_t.l(btod.o)
    0x000014bc   0x000014bc   0x00000268   Code   RO          381    CL$$btod_mult_common  c_t.l(btod.o)
    0x00001724   0x00001724   0x0000000c   Ven    RO          567    Veneer$$Code        anon$$obj.o
    0x00001730   0x00001730   0x00000002   Code   RO          219    i.__ARM_common_call_via_r1  c_t.l(__printf.o)
    0x00001732   0x00001732   0x00000002   Code   RO          217    i.__ARM_common_call_via_r2  c_t.l(__printf.o)
    0x00001734   0x00001734   0x00000004   Ven    RO          399    i.__ARM_fpclassify  m_ts.l(fpclassify.o)
    0x00001738   0x00001738   0x00000030   Code   RO          399    i.__ARM_fpclassify  m_ts.l(fpclassify.o)
    0x00001768   0x00001768   0x0000000e   Code   RO          233    i._is_digit         c_t.l(__printf_wp.o)
    0x00001776   0x00001776   0x00000002   PAD
    0x00001778   0x00001778   0x0000002c   Code   RO           30    i.adc_init          adc.o
    0x000017a4   0x000017a4   0x00000090   Code   RO           31    i.adc_read          adc.o
    0x00001834   0x00001834   0x00000050   Code   RO           48    i.delay_ms          delay.o
    0x00001884   0x00001884   0x00000034   Code   RO           60    i.i2c_init          i2c_driver.o
    0x000018b8   0x000018b8   0x000001e4   Code   RO           61    i.i2c_read          i2c_driver.o
    0x00001a9c   0x00001a9c   0x0000017c   Code   RO           62    i.i2c_send          i2c_driver.o
    0x00001c18   0x00001c18   0x00000098   Code   RO           87    i.lcd_cmd           lcd_driver.o
    0x00001cb0   0x00001cb0   0x00000098   Code   RO           88    i.lcd_data          lcd_driver.o
    0x00001d48   0x00001d48   0x000000a4   Code   RO           89    i.lcd_float         lcd_driver.o
    0x00001dec   0x00001dec   0x00000048   Code   RO           90    i.lcd_init          lcd_driver.o
    0x00001e34   0x00001e34   0x00000090   Code   RO           91    i.lcd_integer       lcd_driver.o
    0x00001ec4   0x00001ec4   0x0000002c   Code   RO           92    i.lcd_string        lcd_driver.o
    0x00001ef0   0x00001ef0   0x000006a0   Code   RO           11    i.main              main.o
    0x00002590   0x00002590   0x00000064   Code   RO          132    i.mcp3204_adc_read  mcp3204_driver.o
    0x000025f4   0x000025f4   0x0000003c   Code   RO          144    i.spi0_data         spi.o
    0x00002630   0x00002630   0x0000004c   Code   RO          145    i.spi0_init         spi.o
    0x0000267c   0x0000267c   0x0000009c   Code   RO          162    i.uart0_init        uart_driver.o
    0x00002718   0x00002718   0x0000002c   Code   RO          164    i.uart0_tx          uart_driver.o
    0x00002744   0x00002744   0x00000040   Code   RO          165    i.uart0_tx_float    uart_driver.o
    0x00002784   0x00002784   0x0000002c   Code   RO          166    i.uart0_tx_integer  uart_driver.o
    0x000027b0   0x000027b0   0x00000044   Code   RO          167    i.uart0_tx_string   uart_driver.o
    0x000027f4   0x000027f4   0x00000004   Ven    RO          395    locale$$code        c_t.l(lc_numeric_c.o)
    0x000027f8   0x000027f8   0x00000050   Code   RO          395    locale$$code        c_t.l(lc_numeric_c.o)
    0x00002848   0x00002848   0x0000006c   Code   RO          268    x$fpl$d2f           fz_ts.l(d2f.o)
    0x000028b4   0x000028b4   0x00000154   Code   RO          270    x$fpl$dadd          fz_ts.l(daddsub_noclz.o)
    0x00002a08   0x00002a08   0x000002e0   Code   RO          277    x$fpl$ddiv          fz_ts.l(ddiv.o)
    0x00002ce8   0x00002ce8   0x00000058   Code   RO          281    x$fpl$dflt          fz_ts.l(dflt_noclz.o)
    0x00002d40   0x00002d40   0x0000000c   Code   RO          280    x$fpl$dfltu         fz_ts.l(dflt_noclz.o)
    0x00002d4c   0x00002d4c   0x00000180   Code   RO          284    x$fpl$dmul          fz_ts.l(dmul.o)
    0x00002ecc   0x00002ecc   0x000000c0   Code   RO          326    x$fpl$dnaninf       fz_ts.l(dnaninf.o)
    0x00002f8c   0x00002f8c   0x00000010   Code   RO          328    x$fpl$dretinf       fz_ts.l(dretinf.o)
    0x00002f9c   0x00002f9c   0x00000244   Code   RO          272    x$fpl$dsub          fz_ts.l(daddsub_noclz.o)
    0x000031e0   0x000031e0   0x00000064   Code   RO          286    x$fpl$f2d           fz_ts.l(f2d.o)
    0x00003244   0x00003244   0x000000c4   Code   RO          288    x$fpl$fadd          fz_ts.l(faddsub_noclz.o)
    0x00003308   0x00003308   0x0000001c   Code   RO          330    x$fpl$fcmpinf       fz_ts.l(fcmpi.o)
    0x00003324   0x00003324   0x00000084   Code   RO          294    x$fpl$feqf          fz_ts.l(feqf.o)
    0x000033a8   0x000033a8   0x00000044   Code   RO          296    x$fpl$ffix          fz_ts.l(ffix.o)
    0x000033ec   0x000033ec   0x0000005c   Code   RO          301    x$fpl$fflt          fz_ts.l(fflt_noclz.o)
    0x00003448   0x00003448   0x00000084   Code   RO          304    x$fpl$fleqf         fz_ts.l(fleqf.o)
    0x000034cc   0x000034cc   0x00000100   Code   RO          306    x$fpl$fmul          fz_ts.l(fmul.o)
    0x000035cc   0x000035cc   0x000000a8   Code   RO          332    x$fpl$fnaninf       fz_ts.l(fnaninf.o)
    0x00003674   0x00003674   0x00000010   Code   RO          334    x$fpl$fretinf       fz_ts.l(fretinf.o)
    0x00003684   0x00003684   0x00000014   Code   RO          289    x$fpl$frsb          fz_ts.l(faddsub_noclz.o)
    0x00003698   0x00003698   0x00000130   Code   RO          290    x$fpl$fsub          fz_ts.l(faddsub_noclz.o)
    0x000037c8   0x000037c8   0x00000004   Ven    RO          397    x$fpl$ieeestatus    fz_ts.l(istatus.o)
    0x000037cc   0x000037cc   0x00000008   Code   RO          397    x$fpl$ieeestatus    fz_ts.l(istatus.o)
    0x000037d4   0x000037d4   0x00000004   Code   RO          308    x$fpl$printf1       fz_ts.l(printf1.o)
    0x000037d8   0x000037d8   0x00000000   Code   RO          336    x$fpl$usenofp       fz_ts.l(usenofp.o)
    0x000037d8   0x000037d8   0x00000020   Data   RO           12    .constdata          main.o
    0x000037f8   0x000037f8   0x00000014   Data   RO          168    .constdata          uart_driver.o
    0x0000380c   0x0000380c   0x00000094   Data   RO          370    .constdata          c_t.l(bigflt0.o)
    0x000038a0   0x000038a0   0x00000010   Data   RO          544    Region$$Table       anon$$obj.o
    0x000038b0   0x000038b0   0x0000001c   Data   RO          394    locale$$data        c_t.l(lc_numeric_c.o)


    Execution Region RW_IRAM1 (Exec base: 0x40000000, Load base: 0x000038cc, Size: 0x000004e8, Max: 0x00004000, ABSOLUTE)

    Exec Addr    Load Addr    Size         Type   Attr      Idx    E Section Name        Object

    0x40000000        -       0x00000060   Zero   RW          402    .bss                c_t.l(libspace.o)
    0x40000060        -       0x00000000   Zero   RW            2    HEAP                startup.o
    0x40000060        -       0x00000488   Zero   RW            1    STACK               startup.o


==============================================================================

Image component sizes


      Code (inc. data)   RO Data    RW Data    ZI Data      Debug   Object Name

       188         12          0          0          0        862   adc.o
        80          8          0          0          0        443   delay.o
       916        100          0          0          0       1805   i2c_driver.o
       728         20          0          0          0       3207   lcd_driver.o
      1696        152         32          0          0       3211   main.o
       100          4          0          0          0        607   mcp3204_driver.o
       136          8          0          0          0        840   spi.o
       304         60          0          0       1160        564   startup.o
       376         36         20          0          0       2558   uart_driver.o

    ----------------------------------------------------------------------
      4536        404         68          0       1160      14097   Object Totals
        12          4         16          0          0          0   (incl. Generated)
         0          0          0          0          0          0   (incl. Padding)

    ----------------------------------------------------------------------

      Code (inc. data)   RO Data    RW Data    ZI Data      Debug   Library Member Name

         8          0          0          0          0         68   __main.o
         4          0          0          0          0        120   __printf.o
       300          0          0          0          0        152   __printf_wp.o
         0          0          0          0          0          0   __rtentry.o
        44          4          0          0          0          0   __rtentry2.o
         8          0          0          0          0          0   __rtentry4.o
        60          8          0          0          0          0   __scatter.o
        44          0          0          0          0          0   __scatter_zi.o
        48          4          0          0          0         96   _printf_char_common.o
         8          0          0          0          0          0   _printf_d.o
       120         18          0          0          0         88   _printf_dec.o
         8          0          0          0          0          0   _printf_f.o
      1056         12          0          0          0        188   _printf_fp_dec.o
       144         16          0          0          0         88   _printf_fp_infnan.o
       186          0          0          0          0         96   _printf_intcommon.o
         4          0          0          0          0          0   _printf_percent.o
         8          0          0          0          0          0   _printf_percent_end.o
        10          0          0          0          0         60   _sputc.o
       424          0          0          0          0        148   aeabi_sdiv.o
       220          6        148          0          0         96   bigflt0.o
      2072        128          0          0          0        700   btod.o
        20          0          0          0          0         80   exit.o
         6          0          0          0          0        136   heapauxi.o
         0          0          0          0          0          0   indicate_semi.o
        84          8         28          0          0         92   lc_numeric_c.o
        10          0          0          0          0          0   libinit.o
        28          0          0          0          0          0   libinit2.o
        12          0          0          0          0          0   libshutdown.o
         6          0          0          0          0          0   libshutdown2.o
        12          4          0          0         96         68   libspace.o
       164          0          0          0          0         96   lludiv10.o
        48          4          0          0          0         84   noretval__2sprintf.o
        16          4          0          0          0         68   rt_locale_intlibspace.o
       100          0          0          0          0         80   rt_memcpy_w.o
         8          0          0          0          0          0   rtexit.o
        12          0          0          0          0          0   rtexit2.o
        48          0          0          0          0         68   rtudiv10.o
       244          4          0          0          0         80   strcmp.o
        20          4          0          0          0         60   sys_exit.o
        96          0          0          0          0         80   sys_stackheap_outer.o
         4          0          0          0          0         68   use_no_semi.o
       108          4          0          0          0         92   d2f.o
       920         16          0          0          0        292   daddsub_noclz.o
       736        140          0          0          0        228   ddiv.o
       100          0          0          0          0        136   dflt_noclz.o
       384         16          0          0          0        124   dmul.o
       192          0          0          0          0        108   dnaninf.o
        16          0          0          0          0         68   dretinf.o
       100          4          0          0          0         84   f2d.o
       520          8          0          0          0        236   faddsub_noclz.o
        28          0          0          0          0         68   fcmpi.o
       132          4          0          0          0         84   feqf.o
        68          4          0          0          0         84   ffix.o
        92          0          0          0          0         68   fflt_noclz.o
       132          4          0          0          0         84   fleqf.o
       256          4          0          0          0         84   fmul.o
       168          0          0          0          0         96   fnaninf.o
        16          0          0          0          0         68   fretinf.o
        12          0          0          0          0         68   istatus.o
         4          0          0          0          0         68   printf1.o
         0          0          0          0          0          0   usenofp.o
        52          0          0          0          0         68   fpclassify.o

    ----------------------------------------------------------------------
      9760        428        176          0         96       5168   Library Totals
        10          0          0          0          0          0   (incl. Padding)

    ----------------------------------------------------------------------

      Code (inc. data)   RO Data    RW Data    ZI Data      Debug   Library Name

      5714        224        176          0         96       2960   c_t.l
      3984        204          0          0          0       2140   fz_ts.l
        52          0          0          0          0         68   m_ts.l

    ----------------------------------------------------------------------
      9760        428        176          0         96       5168   Library Totals

    ----------------------------------------------------------------------

==============================================================================


      Code (inc. data)   RO Data    RW Data    ZI Data      Debug   

     14296        832        244          0       1256      15569   Grand Totals
     14296        832        244          0       1256      15569   ELF Image Totals
     14296        832        244          0          0          0   ROM Totals

==============================================================================

    Total RO  Size (Code + RO Data)                14540 (  14.20kB)
    Total RW  Size (RW Data + ZI Data)              1256 (   1.23kB)
    Total ROM Size (Code + RO Data + RW Data)      14540 (  14.20kB)

==============================================================================

